Microchip MPLAB XC8 Compiler V2.40

Linker command line:

-W-3 \
  --edf=C:\Program Files\Microchip\xc8\v2.40\pic\dat\20220703182018_en.msgs \
  -cn -h+dist/default/debug\Lab4.X.debug.sym \
  --cmf=dist/default/debug\Lab4.X.debug.cmf -z -Q18F4550 \
  -oC:\Users\acer\AppData\Local\Temp\xcAs9ng.4 \
  -Mdist/default/debug/Lab4.X.debug.map \
  --md=C:\Users\acer\AppData\Local\Temp\xcAs9ng.dat -E1 -ver=XC8 Compiler \
  -ACODE=00h-07D3Fh -ACONST=00h-07D3Fh \
  -ASMALLCONST=0800h-08FFhx117,07D00h-07D3Fh -AMEDIUMCONST=0800h-07D3Fh \
  -ACOMRAM=01h-05Fh -AABS1=00h-03EEh,0400h-07FFh \
  -ABIGRAM=01h-03EEh,0400h-07FFh \
  -ARAM=060h-0FFh,0100h-01FFhx2,0300h-03EEh,0400h-04FFhx4 -ABANK0=060h-0FFh \
  -ABANK1=0100h-01FFh -ABANK2=0200h-02FFh -ABANK3=0300h-03EEh \
  -ABANK4=0400h-04FFh -ABANK5=0500h-05FFh -ABANK6=0600h-06FFh \
  -ABANK7=0700h-07FFh \
  -ASFR=0F60h-0F9Bh,0F9Dh-0FD3h,0FD5h-0FDAh,0FE0h-0FE2h,0FE8h-0FEAh,0FF0h-0FFBh \
  -ABIGSFR=0F60h-0F9Bh,0F9Dh-0FD3h,0FD5h-0FDAh,0FE0h-0FE2h,0FE8h-0FEAh,0FF0h-0FFBh \
  -ACONFIG=0300000h-030000Dh -AIDLOC=0200000h-0200007h \
  -AEEDATA=0F00000h-0F000FFh -peeprom_data=EEDATA \
  -preset_vec=00h,intcode=08h,intcodelo,powerup,init -pramtop=0800h \
  -psmallconst=SMALLCONST -pmediumconst=MEDIUMCONST -pconst=CONST \
  -AFARRAM=00h-00h \
  -prdata=COMRAM,nvrram=COMRAM,nvbit=COMRAM,rbss=COMRAM,rbit=COMRAM \
  -pfarbss=FARRAM,fardata=FARRAM,nvFARRAM=FARRAM \
  -pintsave_regs=BIGRAM,bigbss=BIGRAM,bigdata=BIGRAM -pbss=RAM \
  -pidata=CODE,irdata=CODE,ibigdata=CODE,ifardata=CODE -prparam=COMRAM \
  C:\Users\acer\AppData\Local\Temp\xcAs9ng.obj \
  dist/default/debug\Lab4.X.debug.obj 

Object code version is 3.11

Machine type is 18F4550



                Name                               Link     Load   Length Selector   Space Scale
C:\Users\acer\AppData\Local\Temp\xcAs9ng.obj
                idloc                            200000   200000        8        0       5
                config                           300000   300000        E        0       4
                init                                  E        E        4        4       0
                reset_vec                             0        0        6        0       0
dist/default/debug\Lab4.X.debug.obj
                intcode                               8        8        6        4       0
                idloc                            200000   200000        8        0       5
                config                           300000   300000        E        0       4
                temp                                 51       51        1        1       1
                smallconst                          800      800       B4      400       0
                text48                             29C8     29C8        E      45A       0
                text47                             25D2     25D2       56      45A       0
                text46                             2764     2764       46      45A       0
                text45                             29A6     29A6       14      45A       0
                text44                             297C     297C       16      45A       0
                text43                             2966     2966       16      45A       0
                text42                             288C     288C       28      45A       0
                text41                             26CC     26CC       52      45A       0
                intcode_body                       21A8     21A8       8C      45A       0
                text39                             22B6     22B6       7A      45A       0
                text38                             2922     2922       18      45A       0
                text37                             29BA     29BA        E      45A       0
                text36                             257C     257C       56      45A       0
                text35                             271E     271E       46      45A       0
                text34                             2950     2950       16      45A       0
                text33                             293A     293A       16      45A       0
                text32                             2864     2864       28      45A       0
                text31                             267A     267A       52      45A       0
                text30                             1D7A     1D7A       CE      45A       0
                text29                             1FC0     1FC0       AE      45A       0
                text28                             2526     2526       56      45A       0
                text27                             2628     2628       52      45A       0
                text26                             27AA     27AA       42      45A       0
                text25                             28B4     28B4       26      45A       0
                text24                             1F12     1F12       AE      45A       0
                text23                             241C     241C       5C      45A       0
                text22                             282C     282C       38      45A       0
                text21                             1A1A     1A1A       E6      45A       0
                text20                             28FE     28FE       24      45A       0
                text19                             14F0     14F0      1A8      45A       0
                text18                             27EC     27EC       40      45A       0
                text17                             1926     1926       F4      45A       0
                text16                             206E     206E       9E      45A       0
                text15                             2330     2330       78      45A       0
                text14                             23A8     23A8       74      45A       0
                text13                             1BDA     1BDA       D2      45A       0
                text12                             2234     2234       82      45A       0
                text11                             1B00     1B00       DA      45A       0
                text10                             1E48     1E48       CA      45A       0
                text9                              1306     1306      1EA      45A       0
                text8                              1814     1814      112      45A       0
                text7                              1698     1698      17C      45A       0
                text6                               F3A      F3A      3CC      45A       0
                text5                              2992     2992       14      45A       0
                text4                              210C     210C       9C      45A       0
                text3                              1CAC     1CAC       CE      45A       0
                text2                              28DA     28DA       24      45A       0
                text1                              2478     2478       58      45A       0
                text0                               8B4      8B4      686      45A       0
                cstackCOMRAM                          1        1       43        1       1
                cstackBANK0                          60       60       43       60       1
                dataBANK0                            BE       BE        3       60       1
                bssBANK0                             A3       A3       1B       60       1
                dataCOMRAM                           50       50        1        1       1
                bssCOMRAM                            44       44        C        1       1
                cinit                              24D0     24D0       56      45A       0
                idataBANK0                         29D6     29D6        3      45A       0
                idataCOMRAM                        29D9     29D9        1      45A       0

TOTAL           Name                               Link     Load   Length     Space
        CLASS   CODE           
                intcode                               8        8        6         0
                init                                  E        E        4         0
                reset_vec                             0        0        6         0
                text48                             29C8     29C8        E         0
                text47                             25D2     25D2       56         0
                text46                             2764     2764       46         0
                text45                             29A6     29A6       14         0
                text44                             297C     297C       16         0
                text43                             2966     2966       16         0
                text42                             288C     288C       28         0
                text41                             26CC     26CC       52         0
                intcode_body                       21A8     21A8       8C         0
                text39                             22B6     22B6       7A         0
                text38                             2922     2922       18         0
                text37                             29BA     29BA        E         0
                text36                             257C     257C       56         0
                text35                             271E     271E       46         0
                text34                             2950     2950       16         0
                text33                             293A     293A       16         0
                text32                             2864     2864       28         0
                text31                             267A     267A       52         0
                text30                             1D7A     1D7A       CE         0
                text29                             1FC0     1FC0       AE         0
                text28                             2526     2526       56         0
                text27                             2628     2628       52         0
                text26                             27AA     27AA       42         0
                text25                             28B4     28B4       26         0
                text24                             1F12     1F12       AE         0
                text23                             241C     241C       5C         0
                text22                             282C     282C       38         0
                text21                             1A1A     1A1A       E6         0
                text20                             28FE     28FE       24         0
                text19                             14F0     14F0      1A8         0
                text18                             27EC     27EC       40         0
                text17                             1926     1926       F4         0
                text16                             206E     206E       9E         0
                text15                             2330     2330       78         0
                text14                             23A8     23A8       74         0
                text13                             1BDA     1BDA       D2         0
                text12                             2234     2234       82         0
                text11                             1B00     1B00       DA         0
                text10                             1E48     1E48       CA         0
                text9                              1306     1306      1EA         0
                text8                              1814     1814      112         0
                text7                              1698     1698      17C         0
                text6                               F3A      F3A      3CC         0
                text5                              2992     2992       14         0
                text4                              210C     210C       9C         0
                text3                              1CAC     1CAC       CE         0
                text2                              28DA     28DA       24         0
                text1                              2478     2478       58         0
                text0                               8B4      8B4      686         0
                cinit                              24D0     24D0       56         0
                idataBANK0                         29D6     29D6        3         0
                idataCOMRAM                        29D9     29D9        1         0

        CLASS   CONST          

        CLASS   SMALLCONST     
                smallconst                          800      800       B4         0

        CLASS   MEDIUMCONST    

        CLASS   COMRAM         
                temp                                 51       51        1         1
                cstackCOMRAM                          1        1       43         1
                dataCOMRAM                           50       50        1         1
                bssCOMRAM                            44       44        C         1

        CLASS   ABS1           

        CLASS   BIGRAM         

        CLASS   RAM            

        CLASS   BANK0          
                cstackBANK0                          60       60       43         1
                dataBANK0                            BE       BE        3         1
                bssBANK0                             A3       A3       1B         1

        CLASS   BANK1          

        CLASS   BANK2          

        CLASS   BANK3          

        CLASS   BANK4          

        CLASS   BANK5          

        CLASS   BANK6          

        CLASS   BANK7          

        CLASS   SFR            

        CLASS   BIGSFR         

        CLASS   CONFIG         
                config                           300000   300000        E         4

        CLASS   IDLOC          
                idloc                            200000   200000        8         5

        CLASS   EEDATA         

        CLASS   FARRAM         

        CLASS   HEAP           

        CLASS   STACK          



SEGMENTS        Name                           Load    Length   Top    Selector   Space  Class

                reset_vec                      000000  000006  000006         0       0  CODE    
                cstackCOMRAM                   000001  000051  000052         1       1  COMRAM  
                intcode                        000008  00000A  000012         4       0  CODE    
                cstackBANK0                    000060  000061  0000C1        60       1  BANK0   
                smallconst                     000800  0000B4  0008B4       400       0  SMALLCON
                text0                          0008B4  002126  0029DA       45A       0  CODE    


UNUSED ADDRESS RANGES

        Name                Unused          Largest block    Delta
        BANK0            0000C1-0000FF               3F
        BANK1            000100-0001FF              100
        BANK2            000200-0002FF              100
        BANK3            000300-0003EE               EF
        BANK4            000400-0004FF              100
        BANK5            000500-0005FF              100
        BANK6            000600-0006FF              100
        BANK7            000700-0007FF              100
        BIGRAM           000052-00005F                E
                         0000C1-0003EE              32E
                         000400-0007FF              400
        BIGSFR           000F60-000F9B               3C
                         000F9D-000FD3               37
                         000FD5-000FDA                6
                         000FE0-000FE2                3
                         000FE8-000FEA                3
                         000FF0-000FFB                C
        CODE             000006-000007                2
                         000012-0007FF              7EE
                         0029DA-007D3F             5366
        COMRAM           000052-00005F                E
        CONST            000006-000007                2
                         000012-0007FF              7EE
                         0029DA-007D3F             5366
        EEDATA           F00000-F000FF              100
        MEDIUMCONST      0029DA-007D3F             5366
        RAM              0000C1-0003EE              100
                         000400-0007FF              100
        SFR              000F60-000F9B               3C
                         000F9D-000FD3               37
                         000FD5-000FDA                6
                         000FE0-000FE2                3
                         000FE8-000FEA                3
                         000FF0-000FFB                C
        SMALLCONST       0029DA-007D3F              100

                                  Symbol Table

?___aldiv                   cstackBANK0  00007C
?___almod                   cstackBANK0  00007C
?___altoft                  cstackCOMRAM 000029
?___awtoft                  cstackCOMRAM 000016
?___ftadd                   cstackCOMRAM 000029
?___ftdiv                   cstackCOMRAM 000016
?___ftmul                   cstackCOMRAM 00001A
?___ftneg                   cstackCOMRAM 00000E
?___ftpack                  cstackCOMRAM 00000E
?___ftsub                   cstackCOMRAM 000035
?___fttol                   cstackCOMRAM 00001A
?___lltoft                  cstackCOMRAM 000016
?___lmul                    cstackCOMRAM 00000E
?___lwdiv                   cstackCOMRAM 000014
?___lwmod                   cstackCOMRAM 00000E
?___lwtoft                  cstackCOMRAM 000016
?___wmul                    cstackCOMRAM 00000E
?_eval_poly                 cstackCOMRAM 000035
?_exp                       cstackBANK0  000062
?_factorial_function        cstackCOMRAM 000014
?_floor                     cstackCOMRAM 000035
?_frexp                     cstackCOMRAM 00000E
?_ldexp                     cstackCOMRAM 00003F
?_log                       cstackCOMRAM 00003F
?_pow                       cstackBANK0  00006B
?_strlen                    cstackCOMRAM 00000E
?i2_strlen                  cstackCOMRAM 000001
ConfiguraLCD@a              cstackCOMRAM 00000E
DireccionaLCD@a             cstackCOMRAM 000012
EnviaDato@a                 cstackCOMRAM 000011
EscribeLCD_c@a              cstackCOMRAM 000012
Imprimir_Resultado@i        cstackBANK0  000092
Imprimir_Resultado@j        cstackBANK0  00009A
Imprimir_Resultado@r        cstackBANK0  00008A
MensajeLCD_Var@a            cstackCOMRAM 000013
MensajeLCD_Var@i            cstackCOMRAM 000015
RetardoLCD@a                cstackCOMRAM 00000F
_ADCON1                     (abs)        000FC1
_BorraLCD                   text5        002992
_ColorRGB                   text39       0022B6
_ConfiguraLCD               text38       002922
_DireccionaLCD              text34       002950
_EnviaDato                  text35       00271E
_EscribeLCD_c               text33       00293A
_GIE                        (abs)        007F97
_HabilitaLCD                text37       0029BA
_ISR                        intcode      000008
_Imprimir_Resultado         text6        000F3A
_Imprimir_Resultado$906     cstackBANK0  000094
_Imprimir_Resultado$907     cstackBANK0  000097
_InicializaLCD              text4        00210C
_LATB                       (abs)        000F8A
_LATC                       (abs)        000F8B
_LATC7                      (abs)        007C5F
_LATD                       (abs)        000F8C
_LATE0                      (abs)        007C68
_LATE1                      (abs)        007C69
_LATE2                      (abs)        007C6A
_LeerTeclado                text3        001CAC
_MensajeLCD_Var             text31       00267A
_OSCCON                     (abs)        000FD3
_PD                         (abs)        007E82
_POR                        (abs)        007E81
_RB4                        (abs)        007C0C
_RB5                        (abs)        007C0D
_RB6                        (abs)        007C0E
_RB7                        (abs)        007C0F
_RBPU                       (abs)        007F8F
_RetardoLCD                 text36       00257C
_T0CON                      (abs)        000FD5
_TMR0                       (abs)        000FD6
_TMR0IE                     (abs)        007F95
_TMR0IF                     (abs)        007F92
_TMR0ON                     (abs)        007EAF
_TO                         (abs)        007E83
_TRISB                      (abs)        000F93
_TRISC                      (abs)        000F94
_TRISD                      (abs)        000F95
_TRISE                      (abs)        000F96
_Tecla                      bssBANK0     0000B9
__HRAM                      (abs)        000000
__Habs1                     abs1         000000
__Hbank0                    bank0        000000
__Hbank1                    bank1        000000
__Hbank2                    bank2        000000
__Hbank3                    bank3        000000
__Hbank4                    bank4        000000
__Hbank5                    bank5        000000
__Hbank6                    bank6        000000
__Hbank7                    bank7        000000
__Hbigbss                   bigbss       000000
__Hbigdata                  bigdata      000000
__Hbigram                   bigram       000000
__Hbigsfr                   bigsfr       000000
__Hbss                      bss          000000
__HbssBANK0                 bssBANK0     000000
__HbssCOMRAM                bssCOMRAM    000000
__Hcinit                    cinit        000000
__Hclrtext                  clrtext      000000
__Hcomram                   comram       000000
__Hconfig                   config       30000E
__Hconst                    const        000000
__HcstackBANK0              cstackBANK0  000000
__HcstackCOMRAM             cstackCOMRAM 000000
__Hdata                     data         000000
__HdataBANK0                dataBANK0    000000
__HdataCOMRAM               dataCOMRAM   000000
__Heeprom_data              eeprom_data  000000
__Hfarbss                   farbss       000000
__Hfardata                  fardata      000000
__Hheap                     heap         000000
__Hibigdata                 ibigdata     000000
__Hidata                    idata        000000
__HidataBANK0               idataBANK0   000000
__HidataCOMRAM              idataCOMRAM  000000
__Hidloc                    idloc        200008
__Hifardata                 ifardata     000000
__Hinit                     init         000012
__Hintcode                  intcode      00000E
__Hintcode_body             intcode_body 000000
__Hintcodelo                intcodelo    00000E
__Hintentry                 intentry     000000
__Hintret                   intret       000000
__Hintsave_regs             intsave_regs 000000
__Hirdata                   irdata       000000
__Hmediumconst              mediumconst  000000
__HnvFARRAM                 nvFARRAM     000000
__Hnvbit                    nvbit        000000
__Hnvrram                   nvrram       000000
__Hparam                    rparam       000000
__Hpowerup                  powerup      00000E
__Hram                      ram          000000
__Hramtop                   ramtop       000800
__Hrbit                     rbit         000000
__Hrbss                     rbss         000000
__Hrdata                    rdata        000000
__Hreset_vec                reset_vec    000006
__Hrparam                   rparam       000000
__Hsfr                      sfr          000000
__Hsmallconst               smallconst   0008B4
__Hspace_0                  (abs)        0029DA
__Hspace_1                  (abs)        0000C1
__Hspace_2                  (abs)        000000
__Hspace_4                  (abs)        60000E
__Hstack                    stack        000000
__Hstruct                   struct       000000
__Htemp                     temp         000052
__Htext                     text         000000
__Htext0                    text0        000000
__Htext1                    text1        000000
__Htext10                   text10       000000
__Htext11                   text11       000000
__Htext12                   text12       000000
__Htext13                   text13       000000
__Htext14                   text14       000000
__Htext15                   text15       000000
__Htext16                   text16       000000
__Htext17                   text17       000000
__Htext18                   text18       000000
__Htext19                   text19       000000
__Htext2                    text2        000000
__Htext20                   text20       000000
__Htext21                   text21       000000
__Htext22                   text22       000000
__Htext23                   text23       000000
__Htext24                   text24       000000
__Htext25                   text25       000000
__Htext26                   text26       000000
__Htext27                   text27       000000
__Htext28                   text28       000000
__Htext29                   text29       000000
__Htext3                    text3        000000
__Htext30                   text30       000000
__Htext31                   text31       000000
__Htext32                   text32       000000
__Htext33                   text33       000000
__Htext34                   text34       000000
__Htext35                   text35       000000
__Htext36                   text36       000000
__Htext37                   text37       000000
__Htext38                   text38       000000
__Htext39                   text39       000000
__Htext4                    text4        000000
__Htext41                   text41       000000
__Htext42                   text42       000000
__Htext43                   text43       000000
__Htext44                   text44       000000
__Htext45                   text45       000000
__Htext46                   text46       000000
__Htext47                   text47       000000
__Htext48                   text48       000000
__Htext5                    text5        000000
__Htext6                    text6        000000
__Htext7                    text7        000000
__Htext8                    text8        000000
__Htext9                    text9        000000
__LRAM                      (abs)        000001
__Labs1                     abs1         000000
__Lbank0                    bank0        000000
__Lbank1                    bank1        000000
__Lbank2                    bank2        000000
__Lbank3                    bank3        000000
__Lbank4                    bank4        000000
__Lbank5                    bank5        000000
__Lbank6                    bank6        000000
__Lbank7                    bank7        000000
__Lbigbss                   bigbss       000000
__Lbigdata                  bigdata      000000
__Lbigram                   bigram       000000
__Lbigsfr                   bigsfr       000000
__Lbss                      bss          000000
__LbssBANK0                 bssBANK0     000000
__LbssCOMRAM                bssCOMRAM    000000
__Lcinit                    cinit        000000
__Lclrtext                  clrtext      000000
__Lcomram                   comram       000000
__Lconfig                   config       000000
__Lconst                    const        000000
__LcstackBANK0              cstackBANK0  000000
__LcstackCOMRAM             cstackCOMRAM 000000
__Ldata                     data         000000
__LdataBANK0                dataBANK0    000000
__LdataCOMRAM               dataCOMRAM   000000
__Leeprom_data              eeprom_data  000000
__Lfarbss                   farbss       000000
__Lfardata                  fardata      000000
__Lheap                     heap         000000
__Libigdata                 ibigdata     000000
__Lidata                    idata        000000
__LidataBANK0               idataBANK0   000000
__LidataCOMRAM              idataCOMRAM  000000
__Lidloc                    idloc        000000
__Lifardata                 ifardata     000000
__Linit                     init         00000E
__Lintcode                  intcode      000008
__Lintcode_body             intcode_body 000000
__Lintcodelo                intcodelo    00000E
__Lintentry                 intentry     000000
__Lintret                   intret       000000
__Lintsave_regs             intsave_regs 000000
__Lirdata                   irdata       000000
__Lmediumconst              mediumconst  000000
__LnvFARRAM                 nvFARRAM     000000
__Lnvbit                    nvbit        000000
__Lnvrram                   nvrram       000000
__Lparam                    rparam       000000
__Lpowerup                  powerup      00000E
__Lram                      ram          000000
__Lramtop                   ramtop       000800
__Lrbit                     rbit         000000
__Lrbss                     rbss         000000
__Lrdata                    rdata        000000
__Lreset_vec                reset_vec    000000
__Lrparam                   rparam       000000
__Lsfr                      sfr          000000
__Lsmallconst               smallconst   000800
__Lspace_0                  (abs)        000000
__Lspace_1                  (abs)        000000
__Lspace_2                  (abs)        000000
__Lspace_4                  (abs)        000000
__Lstack                    stack        000000
__Lstruct                   struct       000000
__Ltemp                     temp         000051
__Ltext                     text         000000
__Ltext0                    text0        000000
__Ltext1                    text1        000000
__Ltext10                   text10       000000
__Ltext11                   text11       000000
__Ltext12                   text12       000000
__Ltext13                   text13       000000
__Ltext14                   text14       000000
__Ltext15                   text15       000000
__Ltext16                   text16       000000
__Ltext17                   text17       000000
__Ltext18                   text18       000000
__Ltext19                   text19       000000
__Ltext2                    text2        000000
__Ltext20                   text20       000000
__Ltext21                   text21       000000
__Ltext22                   text22       000000
__Ltext23                   text23       000000
__Ltext24                   text24       000000
__Ltext25                   text25       000000
__Ltext26                   text26       000000
__Ltext27                   text27       000000
__Ltext28                   text28       000000
__Ltext29                   text29       000000
__Ltext3                    text3        000000
__Ltext30                   text30       000000
__Ltext31                   text31       000000
__Ltext32                   text32       000000
__Ltext33                   text33       000000
__Ltext34                   text34       000000
__Ltext35                   text35       000000
__Ltext36                   text36       000000
__Ltext37                   text37       000000
__Ltext38                   text38       000000
__Ltext39                   text39       000000
__Ltext4                    text4        000000
__Ltext41                   text41       000000
__Ltext42                   text42       000000
__Ltext43                   text43       000000
__Ltext44                   text44       000000
__Ltext45                   text45       000000
__Ltext46                   text46       000000
__Ltext47                   text47       000000
__Ltext48                   text48       000000
__Ltext5                    text5        000000
__Ltext6                    text6        000000
__Ltext7                    text7        000000
__Ltext8                    text8        000000
__Ltext9                    text9        000000
__S0                        (abs)        0029DA
__S1                        (abs)        0000C1
__S4                        (abs)        000000
__S5                        (abs)        000000
___aldiv                    text30       001D7A
___aldiv@counter            cstackBANK0  000084
___aldiv@dividend           cstackBANK0  00007C
___aldiv@divisor            cstackBANK0  000080
___aldiv@quotient           cstackBANK0  000086
___aldiv@sign               cstackBANK0  000085
___almod                    text29       001FC0
___almod@counter            cstackBANK0  000084
___almod@dividend           cstackBANK0  00007C
___almod@divisor            cstackBANK0  000080
___almod@sign               cstackBANK0  000085
___altoft                   text15       002330
___altoft@c                 cstackCOMRAM 000029
___altoft@exp               cstackCOMRAM 000031
___altoft@sign              cstackCOMRAM 000032
___awtoft                   text22       00282C
___awtoft@c                 cstackCOMRAM 000016
___awtoft@sign              cstackCOMRAM 000019
___ftadd                    text19       0014F0
___ftadd@exp1               cstackCOMRAM 000034
___ftadd@exp2               cstackCOMRAM 000033
___ftadd@f1                 cstackCOMRAM 000029
___ftadd@f2                 cstackCOMRAM 00002C
___ftadd@sign               cstackCOMRAM 000032
___ftdiv                    text21       001A1A
___ftdiv@cntr               cstackCOMRAM 00001F
___ftdiv@exp                cstackCOMRAM 000023
___ftdiv@f1                 cstackCOMRAM 000016
___ftdiv@f2                 cstackCOMRAM 000019
___ftdiv@f3                 cstackCOMRAM 000020
___ftdiv@sign               cstackCOMRAM 000024
___ftge                     text14       0023A8
___ftge@ff1                 cstackCOMRAM 00000E
___ftge@ff2                 cstackCOMRAM 000011
___ftmul                    text17       001926
___ftmul@cntr               cstackCOMRAM 000027
___ftmul@exp                cstackCOMRAM 000023
___ftmul@f1                 cstackCOMRAM 00001A
___ftmul@f2                 cstackCOMRAM 00001D
___ftmul@f3_as_product      cstackCOMRAM 000024
___ftmul@sign               cstackCOMRAM 000028
___ftneg                    text20       0028FE
___ftneg@f1                 cstackCOMRAM 00000E
___ftpack                   text24       001F12
___ftpack@arg               cstackCOMRAM 00000E
___ftpack@exp               cstackCOMRAM 000011
___ftpack@sign              cstackCOMRAM 000012
___ftsub                    text18       0027EC
___ftsub@f1                 cstackCOMRAM 000035
___ftsub@f2                 cstackCOMRAM 000038
___fttol                    text13       001BDA
___fttol@exp1               cstackCOMRAM 000028
___fttol@f1                 cstackCOMRAM 00001A
___fttol@lval               cstackCOMRAM 000024
___fttol@sign1              cstackCOMRAM 000023
___heap_hi                  (abs)        000000
___heap_lo                  (abs)        000000
___inthi_sp                 stack        000000
___intlo_sp                 stack        000000
___lltoft                   text23       00241C
___lltoft@c                 cstackCOMRAM 000016
___lltoft@exp               cstackCOMRAM 00001E
___lmul                     text28       002526
___lmul@multiplicand        cstackCOMRAM 000012
___lmul@multiplier          cstackCOMRAM 00000E
___lmul@product             cstackCOMRAM 000016
___lwdiv                    text27       002628
___lwdiv@counter            cstackCOMRAM 00001A
___lwdiv@dividend           cstackCOMRAM 000014
___lwdiv@divisor            cstackCOMRAM 000016
___lwdiv@quotient           cstackCOMRAM 000018
___lwmod                    text26       0027AA
___lwmod@counter            cstackCOMRAM 000012
___lwmod@dividend           cstackCOMRAM 00000E
___lwmod@divisor            cstackCOMRAM 000010
___lwtoft                   text2        0028DA
___lwtoft@c                 cstackCOMRAM 000016
___param_bank               (abs)        000000
___rparam_used              (abs)        000001
___sp                       stack        000000
___wmul                     text25       0028B4
___wmul@multiplicand        cstackCOMRAM 000010
___wmul@multiplier          cstackCOMRAM 00000E
___wmul@product             cstackCOMRAM 000012
__accesstop                 (abs)        000060
__activetblptr              (abs)        000002
__end_of_BorraLCD           text5        0029A6
__end_of_ColorRGB           text39       002330
__end_of_ConfiguraLCD       text38       00293A
__end_of_DireccionaLCD      text34       002966
__end_of_EnviaDato          text35       002764
__end_of_EscribeLCD_c       text33       002950
__end_of_HabilitaLCD        text37       0029C8
__end_of_ISR                intcode_body 002234
__end_of_Imprimir_Resultado text6        001306
__end_of_InicializaLCD      text4        0021A8
__end_of_LeerTeclado        text3        001D7A
__end_of_MensajeLCD_Var     text31       0026CC
__end_of_RetardoLCD         text36       0025D2
__end_of___aldiv            text30       001E48
__end_of___almod            text29       00206E
__end_of___altoft           text15       0023A8
__end_of___awtoft           text22       002864
__end_of___ftadd            text19       001698
__end_of___ftdiv            text21       001B00
__end_of___ftge             text14       00241C
__end_of___ftmul            text17       001A1A
__end_of___ftneg            text20       002922
__end_of___ftpack           text24       001FC0
__end_of___ftsub            text18       00282C
__end_of___fttol            text13       001CAC
__end_of___lltoft           text23       002478
__end_of___lmul             text28       00257C
__end_of___lwdiv            text27       00267A
__end_of___lwmod            text26       0027EC
__end_of___lwtoft           text2        0028FE
__end_of___wmul             text25       0028DA
__end_of__initialization    cinit        002518
__end_of_eval_poly          text16       00210C
__end_of_exp                text9        0014F0
__end_of_factorial_function text1        0024D0
__end_of_floor              text11       001BDA
__end_of_frexp              text12       0022B6
__end_of_ldexp              text10       001F12
__end_of_log                text8        001926
__end_of_main               text0        000F3A
__end_of_pow                text7        001814
__end_of_strlen             text32       00288C
__end_ofexp@coeff           smallconst   00081F
__end_ofi2_BorraLCD         text45       0029BA
__end_ofi2_DireccionaLCD    text44       002992
__end_ofi2_EnviaDato        text46       0027AA
__end_ofi2_EscribeLCD_c     text43       00297C
__end_ofi2_HabilitaLCD      text48       0029D6
__end_ofi2_MensajeLCD_Var   text41       00271E
__end_ofi2_RetardoLCD       text47       002628
__end_ofi2_strlen           text42       0028B4
__end_oflog@coeff           smallconst   00083A
__initialization            cinit        0024D0
__mediumconst               mediumconst  000000
__pbssBANK0                 bssBANK0     0000A3
__pbssCOMRAM                bssCOMRAM    000044
__pcinit                    cinit        0024D0
__pcstackBANK0              cstackBANK0  000060
__pcstackCOMRAM             cstackCOMRAM 000001
__pdataBANK0                dataBANK0    0000BE
__pdataCOMRAM               dataCOMRAM   000050
__pidataBANK0               idataBANK0   0029D6
__pidataCOMRAM              idataCOMRAM  0029D9
__pintcode                  intcode      000008
__pintcode_body             intcode_body 0021A8
__psmallconst               smallconst   000800
__ptext0                    text0        0008B4
__ptext1                    text1        002478
__ptext10                   text10       001E48
__ptext11                   text11       001B00
__ptext12                   text12       002234
__ptext13                   text13       001BDA
__ptext14                   text14       0023A8
__ptext15                   text15       002330
__ptext16                   text16       00206E
__ptext17                   text17       001926
__ptext18                   text18       0027EC
__ptext19                   text19       0014F0
__ptext2                    text2        0028DA
__ptext20                   text20       0028FE
__ptext21                   text21       001A1A
__ptext22                   text22       00282C
__ptext23                   text23       00241C
__ptext24                   text24       001F12
__ptext25                   text25       0028B4
__ptext26                   text26       0027AA
__ptext27                   text27       002628
__ptext28                   text28       002526
__ptext29                   text29       001FC0
__ptext3                    text3        001CAC
__ptext30                   text30       001D7A
__ptext31                   text31       00267A
__ptext32                   text32       002864
__ptext33                   text33       00293A
__ptext34                   text34       002950
__ptext35                   text35       00271E
__ptext36                   text36       00257C
__ptext37                   text37       0029BA
__ptext38                   text38       002922
__ptext39                   text39       0022B6
__ptext4                    text4        00210C
__ptext41                   text41       0026CC
__ptext42                   text42       00288C
__ptext43                   text43       002966
__ptext44                   text44       00297C
__ptext45                   text45       0029A6
__ptext46                   text46       002764
__ptext47                   text47       0025D2
__ptext48                   text48       0029C8
__ptext5                    text5        002992
__ptext6                    text6        000F3A
__ptext7                    text7        001698
__ptext8                    text8        001814
__ptext9                    text9        001306
__ramtop                    ramtop       000800
__smallconst                smallconst   000800
_a                          bssCOMRAM    000046
_b                          bssCOMRAM    000044
_color                      bssCOMRAM    00004E
_contador                   bssCOMRAM    00004C
_contador_digitos           bssCOMRAM    00004A
_errno                      bssBANK0     0000AF
_eval_poly                  text16       00206E
_exp                        text9        001306
_exp$910                    cstackBANK0  000065
_factorial                  bssBANK0     0000B7
_factorial_function         text1        002478
_floor                      text11       001B00
_frexp                      text12       002234
_i                          bssBANK0     0000B1
_interfaz                   dataCOMRAM   000050
_ldexp                      text10       001E48
_log                        text8        001814
_m                          bssBANK0     0000BA
_main                       text0        0008B4
_main$163                   cstackBANK0  0000A1
_main$164                   cstackBANK0  0000A2
_main$905                   cstackBANK0  00009E
_n1                         bssBANK0     0000B5
_n1c                        dataBANK0    0000BF
_n2                         bssBANK0     0000B3
_n2c                        dataBANK0    0000BE
_op                         dataBANK0    0000C0
_partdecl                   bssBANK0     0000AB
_potencia                   bssBANK0     0000B8
_pow                        text7        001698
_pow$908                    cstackBANK0  000071
_pow$909                    cstackBANK0  000074
_r                          bssBANK0     0000A7
_res                        bssBANK0     0000A3
_strlen                     text32       002864
_verificador                bssCOMRAM    000048
btemp                       temp         000051
end_of_initialization       cinit        002518
eval_poly@d                 cstackCOMRAM 000038
eval_poly@n                 cstackCOMRAM 000039
eval_poly@res               cstackCOMRAM 00003C
eval_poly@x                 cstackCOMRAM 000035
exp@coeff                   smallconst   000801
exp@exponent                cstackBANK0  000068
exp@sign                    cstackBANK0  00006A
exp@x                       cstackBANK0  000062
factorial_function@a        cstackCOMRAM 000014
factorial_function@fact     cstackCOMRAM 000018
floor@expon                 cstackCOMRAM 00003B
floor@i                     cstackCOMRAM 000038
floor@x                     cstackCOMRAM 000035
frexp@eptr                  cstackCOMRAM 000011
frexp@value                 cstackCOMRAM 00000E
i2DireccionaLCD@a           cstackCOMRAM 000005
i2EnviaDato@a               cstackCOMRAM 000004
i2EscribeLCD_c@a            cstackCOMRAM 000005
i2MensajeLCD_Var@a          cstackCOMRAM 000006
i2MensajeLCD_Var@i          cstackCOMRAM 000008
i2RetardoLCD@a              cstackCOMRAM 000002
i2_BorraLCD                 text45       0029A6
i2_DireccionaLCD            text44       00297C
i2_EnviaDato                text46       002764
i2_EscribeLCD_c             text43       002966
i2_HabilitaLCD              text48       0029C8
i2_MensajeLCD_Var           text41       0026CC
i2_RetardoLCD               text47       0025D2
i2_strlen                   text42       00288C
i2strlen@cp                 cstackCOMRAM 000003
i2strlen@s                  cstackCOMRAM 000001
int$flags                   temp         000051
int_func                    intcode_body 0021A8
intlevel0                   text         000000
intlevel1                   text         000000
intlevel2                   text         000000
intlevel3                   text         000000
isa$std                     (abs)        000001
isa$xinst                   (abs)        000000
ldexp@newexp                cstackCOMRAM 000042
ldexp@value                 cstackCOMRAM 00003F
log@coeff                   smallconst   00081F
log@exponent                cstackCOMRAM 000042
log@x                       cstackCOMRAM 00003F
pow@sign                    cstackBANK0  000077
pow@x                       cstackBANK0  00006B
pow@y                       cstackBANK0  00006E
pow@yi                      cstackBANK0  000078
stackhi                     (abs)        000000
stacklo                     (abs)        000000
start                       init         00000E
start_initialization        cinit        0024D0
strlen@cp                   cstackCOMRAM 000010
strlen@s                    cstackCOMRAM 00000E
ttemp5                      temp         000052
ttemp6                      temp         000055
ttemp7                      temp         000059
wtemp8                      temp         000052


MODULE INFORMATION

Module		Function		Class		Link	Load	Size
C:\Program Files\Microchip\xc8\v2.40\pic\sources\c90\common\strlen.c
		_strlen        		CODE           	2864	0000	40

C:\Program Files\Microchip\xc8\v2.40\pic\sources\c90\common\strlen.c estimated size: 40

C:\Program Files\Microchip\xc8\v2.40\pic\sources\c90\common\awtoft.c
		___awtoft      		CODE           	282C	0000	56

C:\Program Files\Microchip\xc8\v2.40\pic\sources\c90\common\awtoft.c estimated size: 56

C:\Program Files\Microchip\xc8\v2.40\pic\sources\c90\common\altoft.c
		___altoft      		CODE           	2330	0000	120

C:\Program Files\Microchip\xc8\v2.40\pic\sources\c90\common\altoft.c estimated size: 120

C:\Program Files\Microchip\xc8\v2.40\pic\sources\c90\common\ftge.c
		___ftge        		CODE           	23A8	0000	116

C:\Program Files\Microchip\xc8\v2.40\pic\sources\c90\common\ftge.c estimated size: 116

C:\Program Files\Microchip\xc8\v2.40\pic\sources\c90\common\fttol.c
		___fttol       		CODE           	1BDA	0000	210

C:\Program Files\Microchip\xc8\v2.40\pic\sources\c90\common\fttol.c estimated size: 210

LibLCDXC8.h
		_DireccionaLCD 		CODE           	2950	0000	22
		_InicializaLCD 		CODE           	210C	0000	156
		_EnviaDato     		CODE           	271E	0000	70
		_MensajeLCD_Var		CODE           	267A	0000	82
		_EscribeLCD_c  		CODE           	293A	0000	22
		_HabilitaLCD   		CODE           	29BA	0000	14
		_ConfiguraLCD  		CODE           	2922	0000	24
		_BorraLCD      		CODE           	2992	0000	20
		_RetardoLCD    		CODE           	257C	0000	86

LibLCDXC8.h estimated size: 496

C:\Program Files\Microchip\xc8\v2.40\pic\sources\c90\common\ftadd.c
		___ftadd       		CODE           	14F0	0000	424

C:\Program Files\Microchip\xc8\v2.40\pic\sources\c90\common\ftadd.c estimated size: 424

C:\Program Files\Microchip\xc8\v2.40\pic\sources\c90\common\lwtoft.c
		___lwtoft      		CODE           	28DA	0000	36

C:\Program Files\Microchip\xc8\v2.40\pic\sources\c90\common\lwtoft.c estimated size: 36

C:\Program Files\Microchip\xc8\v2.40\pic\sources\c90\common\exp.c
		_exp           		CODE           	1306	0000	490

C:\Program Files\Microchip\xc8\v2.40\pic\sources\c90\common\exp.c estimated size: 490

C:\Program Files\Microchip\xc8\v2.40\pic\sources\c90\common\aldiv.c
		___aldiv       		CODE           	1D7A	0000	206

C:\Program Files\Microchip\xc8\v2.40\pic\sources\c90\common\aldiv.c estimated size: 206

C:\Program Files\Microchip\xc8\v2.40\pic\sources\c90\common\lltoft.c
		___lltoft      		CODE           	241C	0000	92

C:\Program Files\Microchip\xc8\v2.40\pic\sources\c90\common\lltoft.c estimated size: 92

C:\Program Files\Microchip\xc8\v2.40\pic\sources\c90\common\evalpoly.c
		_eval_poly     		CODE           	206E	0000	158

C:\Program Files\Microchip\xc8\v2.40\pic\sources\c90\common\evalpoly.c estimated size: 158

C:\Program Files\Microchip\xc8\v2.40\pic\sources\c90\common\ftneg.c
		___ftneg       		CODE           	28FE	0000	36

C:\Program Files\Microchip\xc8\v2.40\pic\sources\c90\common\ftneg.c estimated size: 36

C:\Program Files\Microchip\xc8\v2.40\pic\sources\c90\common\ftsub.c
		___ftsub       		CODE           	27EC	0000	64

C:\Program Files\Microchip\xc8\v2.40\pic\sources\c90\common\ftsub.c estimated size: 64

C:\Program Files\Microchip\xc8\v2.40\pic\sources\c90\common\float.c
		___ftpack      		CODE           	1F12	0000	174

C:\Program Files\Microchip\xc8\v2.40\pic\sources\c90\common\float.c estimated size: 174

C:\Program Files\Microchip\xc8\v2.40\pic\sources\c90\common\log.c
		_log           		CODE           	1814	0000	274

C:\Program Files\Microchip\xc8\v2.40\pic\sources\c90\common\log.c estimated size: 274

C:\Program Files\Microchip\xc8\v2.40\pic\sources\c90\common\Umul16.c
		___wmul        		CODE           	28B4	0000	38

C:\Program Files\Microchip\xc8\v2.40\pic\sources\c90\common\Umul16.c estimated size: 38

C:\Program Files\Microchip\xc8\v2.40\pic\sources\c90\common\lwmod.c
		___lwmod       		CODE           	27AA	0000	66

C:\Program Files\Microchip\xc8\v2.40\pic\sources\c90\common\lwmod.c estimated size: 66

shared
		i2_MensajeLCD_Var		CODE           	26CC	0000	82
		exp@coeff      		SMALLCONST     	0801	0000	30
		i2_EscribeLCD_c		CODE           	2966	0000	22
		i2_EnviaDato   		CODE           	2764	0000	70
		__initialization		CODE           	24D0	0000	72
		i2_DireccionaLCD		CODE           	297C	0000	22
		i2_HabilitaLCD 		CODE           	29C8	0000	14
		i2_BorraLCD    		CODE           	29A6	0000	20
		i2_RetardoLCD  		CODE           	25D2	0000	86
		log@coeff      		SMALLCONST     	081F	0000	27
		i2_strlen      		CODE           	288C	0000	40

shared estimated size: 485

C:\Program Files\Microchip\xc8\v2.40\pic\sources\c90\common\pow.c
		_pow           		CODE           	1698	0000	380

C:\Program Files\Microchip\xc8\v2.40\pic\sources\c90\common\pow.c estimated size: 380

C:\Program Files\Microchip\xc8\v2.40\pic\sources\c90\common\frexp.c
		_ldexp         		CODE           	1E48	0000	202
		_frexp         		CODE           	2234	0000	130

C:\Program Files\Microchip\xc8\v2.40\pic\sources\c90\common\frexp.c estimated size: 332

C:\Program Files\Microchip\xc8\v2.40\pic\sources\c90\common\floor.c
		_floor         		CODE           	1B00	0000	218

C:\Program Files\Microchip\xc8\v2.40\pic\sources\c90\common\floor.c estimated size: 218

Lab4.c
		_ColorRGB      		CODE           	22B6	0000	122
		_ISR           		CODE           	0008	0000	146
		_Imprimir_Resultado		CODE           	0F3A	0000	972
		_main          		CODE           	08B4	0000	1670
		_LeerTeclado   		CODE           	1CAC	0000	206
		_factorial_function		CODE           	2478	0000	88

Lab4.c estimated size: 3204

C:\Program Files\Microchip\xc8\v2.40\pic\sources\c90\common\ftmul.c
		___ftmul       		CODE           	1926	0000	244

C:\Program Files\Microchip\xc8\v2.40\pic\sources\c90\common\ftmul.c estimated size: 244

C:\Program Files\Microchip\xc8\v2.40\pic\sources\c90\common\Umul32.c
		___lmul        		CODE           	2526	0000	86

C:\Program Files\Microchip\xc8\v2.40\pic\sources\c90\common\Umul32.c estimated size: 86

C:\Program Files\Microchip\xc8\v2.40\pic\sources\c90\common\ftdiv.c
		___ftdiv       		CODE           	1A1A	0000	230

C:\Program Files\Microchip\xc8\v2.40\pic\sources\c90\common\ftdiv.c estimated size: 230

C:\Program Files\Microchip\xc8\v2.40\pic\sources\c90\common\almod.c
		___almod       		CODE           	1FC0	0000	174

C:\Program Files\Microchip\xc8\v2.40\pic\sources\c90\common\almod.c estimated size: 174

C:\Program Files\Microchip\xc8\v2.40\pic\sources\c90\common\lwdiv.c
		___lwdiv       		CODE           	2628	0000	82

C:\Program Files\Microchip\xc8\v2.40\pic\sources\c90\common\lwdiv.c estimated size: 82

