Microchip MPLAB XC8 Compiler V2.40

Linker command line:

-W-3 \
  --edf=C:\Program Files\Microchip\xc8\v2.40\pic\dat\20220703182018_en.msgs \
  -cn -h+dist/default/production\Lab4.X.production.sym \
  --cmf=dist/default/production\Lab4.X.production.cmf -z -Q18F4550 \
  -oC:\Users\acer\AppData\Local\Temp\xcAsh40.4 \
  -Mdist/default/production/Lab4.X.production.map \
  --md=C:\Users\acer\AppData\Local\Temp\xcAsh40.dat -E1 -ver=XC8 Compiler \
  -ACODE=00h-07FFFh -ACONST=00h-07FFFh -ASMALLCONST=0800h-08FFhx120 \
  -AMEDIUMCONST=0800h-07FFFh -ACOMRAM=01h-05Fh -AABS1=00h-07FFh \
  -ABIGRAM=01h-07FFh -ARAM=060h-0FFh,0100h-01FFhx7 -ABANK0=060h-0FFh \
  -ABANK1=0100h-01FFh -ABANK2=0200h-02FFh -ABANK3=0300h-03FFh \
  -ABANK4=0400h-04FFh -ABANK5=0500h-05FFh -ABANK6=0600h-06FFh \
  -ABANK7=0700h-07FFh -ASFR=0F60h-0FFFh -ABIGSFR=0F60h-0FFFh \
  -ACONFIG=0300000h-030000Dh -AIDLOC=0200000h-0200007h \
  -AEEDATA=0F00000h-0F000FFh -peeprom_data=EEDATA \
  -preset_vec=00h,intcode=08h,intcodelo,powerup,init -pramtop=0800h \
  -psmallconst=SMALLCONST -pmediumconst=MEDIUMCONST -pconst=CONST \
  -AFARRAM=00h-00h \
  -prdata=COMRAM,nvrram=COMRAM,nvbit=COMRAM,rbss=COMRAM,rbit=COMRAM \
  -pfarbss=FARRAM,fardata=FARRAM,nvFARRAM=FARRAM \
  -pintsave_regs=BIGRAM,bigbss=BIGRAM,bigdata=BIGRAM -pbss=RAM \
  -pidata=CODE,irdata=CODE,ibigdata=CODE,ifardata=CODE -prparam=COMRAM \
  C:\Users\acer\AppData\Local\Temp\xcAsh40.obj \
  dist/default/production\Lab4.X.production.obj 

Object code version is 3.11

Machine type is 18F4550



                Name                               Link     Load   Length Selector   Space Scale
C:\Users\acer\AppData\Local\Temp\xcAsh40.obj
                idloc                            200000   200000        8        0       5
                config                           300000   300000        E        0       4
                init                                  E        E        4        4       0
                reset_vec                             0        0        4        0       0
dist/default/production\Lab4.X.production.obj
                intcode                               8        8        6        4       0
                idloc                            200000   200000        8        0       5
                config                           300000   300000        E        0       4
                temp                                 51       51        1        1       1
                smallconst                          800      800       B4      400       0
                text47                             2BD0     2BD0        E      45A       0
                text46                             2832     2832       56      45A       0
                text45                             29BC     29BC       46      45A       0
                text44                             2BAE     2BAE       14      45A       0
                text43                             2B84     2B84       16      45A       0
                text42                             2B6E     2B6E       16      45A       0
                text41                             2928     2928       4E      45A       0
                intcode_body                       2320     2320       8C      45A       0
                text39                             24B0     24B0       7A      45A       0
                text38                             2B2A     2B2A       18      45A       0
                text37                             2BC2     2BC2        E      45A       0
                text36                             27DC     27DC       56      45A       0
                text35                             2976     2976       46      45A       0
                text34                             2B58     2B58       16      45A       0
                text33                             2B42     2B42       16      45A       0
                text32                             242E     242E       82      45A       0
                text31                             2616     2616       66      45A       0
                text30                              F42      F42      47C      45A       0
                text29                             28DA     28DA       4E      45A       0
                text28                             2786     2786       56      45A       0
                text27                             2888     2888       52      45A       0
                text26                             2A02     2A02       42      45A       0
                text25                             2ABC     2ABC       26      45A       0
                text24                             13BE     13BE      23C      45A       0
                text23                             2B9A     2B9A       14      45A       0
                text22                             2284     2284       9C      45A       0
                text21                             1FA0     1FA0       CE      45A       0
                text20                             2138     2138       AE      45A       0
                text19                             2B06     2B06       24      45A       0
                text18                             26D8     26D8       58      45A       0
                text17                             267C     267C       5C      45A       0
                text16                             2A84     2A84       38      45A       0
                text15                             1D0E     1D0E       E6      45A       0
                text14                             2AE2     2AE2       24      45A       0
                text13                             17E4     17E4      1A8      45A       0
                text12                             2A44     2A44       40      45A       0
                text11                             1C1A     1C1A       F4      45A       0
                text10                             21E6     21E6       9E      45A       0
                text9                              252A     252A       78      45A       0
                text8                              25A2     25A2       74      45A       0
                text7                              1ECE     1ECE       D2      45A       0
                text6                              23AC     23AC       82      45A       0
                text5                              1DF4     1DF4       DA      45A       0
                text4                              206E     206E       CA      45A       0
                text3                              15FA     15FA      1EA      45A       0
                text2                              1B08     1B08      112      45A       0
                text1                              198C     198C      17C      45A       0
                text0                               8B4      8B4      68E      45A       0
                cstackCOMRAM                          1        1       43        1       1
                cstackBANK0                          60       60       23       60       1
                dataBANK0                            9E       9E        3       60       1
                bssBANK0                             83       83       1B       60       1
                dataCOMRAM                           50       50        1        1       1
                bssCOMRAM                            44       44        C        1       1
                cinit                              2730     2730       56      45A       0
                idataBANK0                         2BDE     2BDE        3      45A       0
                idataCOMRAM                        2BE1     2BE1        1      45A       0

TOTAL           Name                               Link     Load   Length     Space
        CLASS   CODE           
                intcode                               8        8        6         0
                init                                  E        E        4         0
                reset_vec                             0        0        4         0
                text47                             2BD0     2BD0        E         0
                text46                             2832     2832       56         0
                text45                             29BC     29BC       46         0
                text44                             2BAE     2BAE       14         0
                text43                             2B84     2B84       16         0
                text42                             2B6E     2B6E       16         0
                text41                             2928     2928       4E         0
                intcode_body                       2320     2320       8C         0
                text39                             24B0     24B0       7A         0
                text38                             2B2A     2B2A       18         0
                text37                             2BC2     2BC2        E         0
                text36                             27DC     27DC       56         0
                text35                             2976     2976       46         0
                text34                             2B58     2B58       16         0
                text33                             2B42     2B42       16         0
                text32                             242E     242E       82         0
                text31                             2616     2616       66         0
                text30                              F42      F42      47C         0
                text29                             28DA     28DA       4E         0
                text28                             2786     2786       56         0
                text27                             2888     2888       52         0
                text26                             2A02     2A02       42         0
                text25                             2ABC     2ABC       26         0
                text24                             13BE     13BE      23C         0
                text23                             2B9A     2B9A       14         0
                text22                             2284     2284       9C         0
                text21                             1FA0     1FA0       CE         0
                text20                             2138     2138       AE         0
                text19                             2B06     2B06       24         0
                text18                             26D8     26D8       58         0
                text17                             267C     267C       5C         0
                text16                             2A84     2A84       38         0
                text15                             1D0E     1D0E       E6         0
                text14                             2AE2     2AE2       24         0
                text13                             17E4     17E4      1A8         0
                text12                             2A44     2A44       40         0
                text11                             1C1A     1C1A       F4         0
                text10                             21E6     21E6       9E         0
                text9                              252A     252A       78         0
                text8                              25A2     25A2       74         0
                text7                              1ECE     1ECE       D2         0
                text6                              23AC     23AC       82         0
                text5                              1DF4     1DF4       DA         0
                text4                              206E     206E       CA         0
                text3                              15FA     15FA      1EA         0
                text2                              1B08     1B08      112         0
                text1                              198C     198C      17C         0
                text0                               8B4      8B4      68E         0
                cinit                              2730     2730       56         0
                idataBANK0                         2BDE     2BDE        3         0
                idataCOMRAM                        2BE1     2BE1        1         0

        CLASS   CONST          

        CLASS   SMALLCONST     
                smallconst                          800      800       B4         0

        CLASS   MEDIUMCONST    

        CLASS   COMRAM         
                temp                                 51       51        1         1
                cstackCOMRAM                          1        1       43         1
                dataCOMRAM                           50       50        1         1
                bssCOMRAM                            44       44        C         1

        CLASS   ABS1           

        CLASS   BIGRAM         

        CLASS   RAM            

        CLASS   BANK0          
                cstackBANK0                          60       60       23         1
                dataBANK0                            9E       9E        3         1
                bssBANK0                             83       83       1B         1

        CLASS   BANK1          

        CLASS   BANK2          

        CLASS   BANK3          

        CLASS   BANK4          

        CLASS   BANK5          

        CLASS   BANK6          

        CLASS   BANK7          

        CLASS   SFR            

        CLASS   BIGSFR         

        CLASS   CONFIG         
                config                           300000   300000        E         4

        CLASS   IDLOC          
                idloc                            200000   200000        8         5

        CLASS   EEDATA         

        CLASS   FARRAM         

        CLASS   HEAP           

        CLASS   STACK          



SEGMENTS        Name                           Load    Length   Top    Selector   Space  Class

                reset_vec                      000000  000004  000004         0       0  CODE    
                cstackCOMRAM                   000001  000051  000052         1       1  COMRAM  
                intcode                        000008  00000A  000012         4       0  CODE    
                cstackBANK0                    000060  000041  0000A1        60       1  BANK0   
                smallconst                     000800  0000B4  0008B4       400       0  SMALLCON
                text0                          0008B4  00232E  002BE2       45A       0  CODE    


UNUSED ADDRESS RANGES

        Name                Unused          Largest block    Delta
        BANK0            0000A1-0000FF               5F
        BANK1            000100-0001FF              100
        BANK2            000200-0002FF              100
        BANK3            000300-0003FF              100
        BANK4            000400-0004FF              100
        BANK5            000500-0005FF              100
        BANK6            000600-0006FF              100
        BANK7            000700-0007FF              100
        BIGRAM           000052-00005F                E
                         0000A1-0007FF              75F
        BIGSFR           000F60-000FFF               A0
        CODE             000004-000007                4
                         000012-0007FF              7EE
                         002BE2-007FFF             541E
        COMRAM           000052-00005F                E
        CONST            000004-000007                4
                         000012-0007FF              7EE
                         002BE2-007FFF             541E
        EEDATA           F00000-F000FF              100
        MEDIUMCONST      002BE2-007FFF             541E
        RAM              0000A1-0007FF              100
        SFR              000F60-000FFF               A0
        SMALLCONST       002BE2-007FFF              100

                                  Symbol Table

?___altoft                  cstackCOMRAM 000028
?___awtoft                  cstackCOMRAM 000016
?___ftadd                   cstackCOMRAM 000029
?___ftdiv                   cstackCOMRAM 000016
?___ftmul                   cstackCOMRAM 00001A
?___ftneg                   cstackCOMRAM 00000E
?___ftpack                  cstackCOMRAM 00000E
?___ftsub                   cstackCOMRAM 000035
?___fttol                   cstackCOMRAM 000019
?___lldiv                   cstackCOMRAM 000017
?___llmod                   cstackCOMRAM 00000E
?___lltoft                  cstackCOMRAM 000016
?___lmul                    cstackCOMRAM 00000E
?___lwdiv                   cstackCOMRAM 000014
?___lwmod                   cstackCOMRAM 00000E
?___lwtoft                  cstackCOMRAM 000016
?___wmul                    cstackCOMRAM 00000E
?_eval_poly                 cstackCOMRAM 000035
?_exp                       cstackBANK0  000062
?_factorial_function        cstackCOMRAM 000014
?_floor                     cstackCOMRAM 000035
?_frexp                     cstackCOMRAM 00000E
?_ldexp                     cstackCOMRAM 00003F
?_log                       cstackCOMRAM 00003F
?_pow                       cstackBANK0  00006B
ConfiguraLCD@a              cstackCOMRAM 00000E
DireccionaLCD@a             cstackCOMRAM 000012
EnviaDato@a                 cstackCOMRAM 000011
EscribeLCD_c@a              cstackCOMRAM 000012
EscribeLCD_n16@a            cstackCOMRAM 000024
EscribeLCD_n16@b            cstackCOMRAM 000028
EscribeLCD_n16@centena      cstackCOMRAM 00002D
EscribeLCD_n16@decena       cstackCOMRAM 000031
EscribeLCD_n16@millar       cstackCOMRAM 000029
EscribeLCD_n16@unidad       cstackCOMRAM 000032
Imprimir_Resultado@i        cstackCOMRAM 00003B
Imprimir_Resultado@r        cstackCOMRAM 000033
MensajeLCD_Var@a            cstackCOMRAM 000013
MensajeLCD_Var@i            cstackCOMRAM 000015
RetardoLCD@a                cstackCOMRAM 00000F
_ADCON1                     (abs)        000FC1
_BorraLCD                   text23       002B9A
_ColorRGB                   text39       0024B0
_ConfiguraLCD               text38       002B2A
_DireccionaLCD              text34       002B58
_EnviaDato                  text35       002976
_EscribeLCD_c               text33       002B42
_EscribeLCD_n16             text30       000F42
_GIE                        (abs)        007F97
_HabilitaLCD                text37       002BC2
_ISR                        intcode      000008
_Imprimir_Resultado         text24       0013BE
_InicializaLCD              text22       002284
_LATB                       (abs)        000F8A
_LATC                       (abs)        000F8B
_LATC7                      (abs)        007C5F
_LATD                       (abs)        000F8C
_LATE0                      (abs)        007C68
_LATE1                      (abs)        007C69
_LATE2                      (abs)        007C6A
_LeerTeclado                text21       001FA0
_MensajeLCD_Var             text29       0028DA
_OSCCON                     (abs)        000FD3
_PD                         (abs)        007E82
_POR                        (abs)        007E81
_RB4                        (abs)        007C0C
_RB5                        (abs)        007C0D
_RB6                        (abs)        007C0E
_RB7                        (abs)        007C0F
_RBPU                       (abs)        007F8F
_RetardoLCD                 text36       0027DC
_T0CON                      (abs)        000FD5
_TMR0                       (abs)        000FD6
_TMR0IE                     (abs)        007F95
_TMR0IF                     (abs)        007F92
_TMR0ON                     (abs)        007EAF
_TO                         (abs)        007E83
_TRISB                      (abs)        000F93
_TRISC                      (abs)        000F94
_TRISD                      (abs)        000F95
_TRISE                      (abs)        000F96
_Tecla                      bssBANK0     00009D
__HRAM                      (abs)        000000
__Habs1                     abs1         000000
__Hbank0                    bank0        000000
__Hbank1                    bank1        000000
__Hbank2                    bank2        000000
__Hbank3                    bank3        000000
__Hbank4                    bank4        000000
__Hbank5                    bank5        000000
__Hbank6                    bank6        000000
__Hbank7                    bank7        000000
__Hbigbss                   bigbss       000000
__Hbigdata                  bigdata      000000
__Hbigram                   bigram       000000
__Hbigsfr                   bigsfr       000000
__Hbss                      bss          000000
__HbssBANK0                 bssBANK0     000000
__HbssCOMRAM                bssCOMRAM    000000
__Hcinit                    cinit        000000
__Hclrtext                  clrtext      000000
__Hcomram                   comram       000000
__Hconfig                   config       30000E
__Hconst                    const        000000
__HcstackBANK0              cstackBANK0  000000
__HcstackCOMRAM             cstackCOMRAM 000000
__Hdata                     data         000000
__HdataBANK0                dataBANK0    000000
__HdataCOMRAM               dataCOMRAM   000000
__Heeprom_data              eeprom_data  000000
__Hfarbss                   farbss       000000
__Hfardata                  fardata      000000
__Hheap                     heap         000000
__Hibigdata                 ibigdata     000000
__Hidata                    idata        000000
__HidataBANK0               idataBANK0   000000
__HidataCOMRAM              idataCOMRAM  000000
__Hidloc                    idloc        200008
__Hifardata                 ifardata     000000
__Hinit                     init         000012
__Hintcode                  intcode      00000E
__Hintcode_body             intcode_body 000000
__Hintcodelo                intcodelo    00000E
__Hintentry                 intentry     000000
__Hintret                   intret       000000
__Hintsave_regs             intsave_regs 000000
__Hirdata                   irdata       000000
__Hmediumconst              mediumconst  000000
__HnvFARRAM                 nvFARRAM     000000
__Hnvbit                    nvbit        000000
__Hnvrram                   nvrram       000000
__Hparam                    rparam       000000
__Hpowerup                  powerup      00000E
__Hram                      ram          000000
__Hramtop                   ramtop       000800
__Hrbit                     rbit         000000
__Hrbss                     rbss         000000
__Hrdata                    rdata        000000
__Hreset_vec                reset_vec    000004
__Hrparam                   rparam       000000
__Hsfr                      sfr          000000
__Hsmallconst               smallconst   0008B4
__Hspace_0                  (abs)        002BE2
__Hspace_1                  (abs)        0000A1
__Hspace_2                  (abs)        000000
__Hspace_4                  (abs)        60000E
__Hstack                    stack        000000
__Hstruct                   struct       000000
__Htemp                     temp         000052
__Htext                     text         000000
__Htext0                    text0        000000
__Htext1                    text1        000000
__Htext10                   text10       000000
__Htext11                   text11       000000
__Htext12                   text12       000000
__Htext13                   text13       000000
__Htext14                   text14       000000
__Htext15                   text15       000000
__Htext16                   text16       000000
__Htext17                   text17       000000
__Htext18                   text18       000000
__Htext19                   text19       000000
__Htext2                    text2        000000
__Htext20                   text20       000000
__Htext21                   text21       000000
__Htext22                   text22       000000
__Htext23                   text23       000000
__Htext24                   text24       000000
__Htext25                   text25       000000
__Htext26                   text26       000000
__Htext27                   text27       000000
__Htext28                   text28       000000
__Htext29                   text29       000000
__Htext3                    text3        000000
__Htext30                   text30       000000
__Htext31                   text31       000000
__Htext32                   text32       000000
__Htext33                   text33       000000
__Htext34                   text34       000000
__Htext35                   text35       000000
__Htext36                   text36       000000
__Htext37                   text37       000000
__Htext38                   text38       000000
__Htext39                   text39       000000
__Htext4                    text4        000000
__Htext41                   text41       000000
__Htext42                   text42       000000
__Htext43                   text43       000000
__Htext44                   text44       000000
__Htext45                   text45       000000
__Htext46                   text46       000000
__Htext47                   text47       000000
__Htext5                    text5        000000
__Htext6                    text6        000000
__Htext7                    text7        000000
__Htext8                    text8        000000
__Htext9                    text9        000000
__LRAM                      (abs)        000001
__Labs1                     abs1         000000
__Lbank0                    bank0        000000
__Lbank1                    bank1        000000
__Lbank2                    bank2        000000
__Lbank3                    bank3        000000
__Lbank4                    bank4        000000
__Lbank5                    bank5        000000
__Lbank6                    bank6        000000
__Lbank7                    bank7        000000
__Lbigbss                   bigbss       000000
__Lbigdata                  bigdata      000000
__Lbigram                   bigram       000000
__Lbigsfr                   bigsfr       000000
__Lbss                      bss          000000
__LbssBANK0                 bssBANK0     000000
__LbssCOMRAM                bssCOMRAM    000000
__Lcinit                    cinit        000000
__Lclrtext                  clrtext      000000
__Lcomram                   comram       000000
__Lconfig                   config       000000
__Lconst                    const        000000
__LcstackBANK0              cstackBANK0  000000
__LcstackCOMRAM             cstackCOMRAM 000000
__Ldata                     data         000000
__LdataBANK0                dataBANK0    000000
__LdataCOMRAM               dataCOMRAM   000000
__Leeprom_data              eeprom_data  000000
__Lfarbss                   farbss       000000
__Lfardata                  fardata      000000
__Lheap                     heap         000000
__Libigdata                 ibigdata     000000
__Lidata                    idata        000000
__LidataBANK0               idataBANK0   000000
__LidataCOMRAM              idataCOMRAM  000000
__Lidloc                    idloc        000000
__Lifardata                 ifardata     000000
__Linit                     init         00000E
__Lintcode                  intcode      000008
__Lintcode_body             intcode_body 000000
__Lintcodelo                intcodelo    00000E
__Lintentry                 intentry     000000
__Lintret                   intret       000000
__Lintsave_regs             intsave_regs 000000
__Lirdata                   irdata       000000
__Lmediumconst              mediumconst  000000
__LnvFARRAM                 nvFARRAM     000000
__Lnvbit                    nvbit        000000
__Lnvrram                   nvrram       000000
__Lparam                    rparam       000000
__Lpowerup                  powerup      00000E
__Lram                      ram          000000
__Lramtop                   ramtop       000800
__Lrbit                     rbit         000000
__Lrbss                     rbss         000000
__Lrdata                    rdata        000000
__Lreset_vec                reset_vec    000000
__Lrparam                   rparam       000000
__Lsfr                      sfr          000000
__Lsmallconst               smallconst   000800
__Lspace_0                  (abs)        000000
__Lspace_1                  (abs)        000000
__Lspace_2                  (abs)        000000
__Lspace_4                  (abs)        000000
__Lstack                    stack        000000
__Lstruct                   struct       000000
__Ltemp                     temp         000051
__Ltext                     text         000000
__Ltext0                    text0        000000
__Ltext1                    text1        000000
__Ltext10                   text10       000000
__Ltext11                   text11       000000
__Ltext12                   text12       000000
__Ltext13                   text13       000000
__Ltext14                   text14       000000
__Ltext15                   text15       000000
__Ltext16                   text16       000000
__Ltext17                   text17       000000
__Ltext18                   text18       000000
__Ltext19                   text19       000000
__Ltext2                    text2        000000
__Ltext20                   text20       000000
__Ltext21                   text21       000000
__Ltext22                   text22       000000
__Ltext23                   text23       000000
__Ltext24                   text24       000000
__Ltext25                   text25       000000
__Ltext26                   text26       000000
__Ltext27                   text27       000000
__Ltext28                   text28       000000
__Ltext29                   text29       000000
__Ltext3                    text3        000000
__Ltext30                   text30       000000
__Ltext31                   text31       000000
__Ltext32                   text32       000000
__Ltext33                   text33       000000
__Ltext34                   text34       000000
__Ltext35                   text35       000000
__Ltext36                   text36       000000
__Ltext37                   text37       000000
__Ltext38                   text38       000000
__Ltext39                   text39       000000
__Ltext4                    text4        000000
__Ltext41                   text41       000000
__Ltext42                   text42       000000
__Ltext43                   text43       000000
__Ltext44                   text44       000000
__Ltext45                   text45       000000
__Ltext46                   text46       000000
__Ltext47                   text47       000000
__Ltext5                    text5        000000
__Ltext6                    text6        000000
__Ltext7                    text7        000000
__Ltext8                    text8        000000
__Ltext9                    text9        000000
__S0                        (abs)        002BE2
__S1                        (abs)        0000A1
__S4                        (abs)        000000
__S5                        (abs)        000000
___altoft                   text9        00252A
___altoft@c                 cstackCOMRAM 000028
___altoft@exp               cstackCOMRAM 000030
___altoft@sign              cstackCOMRAM 000031
___awtoft                   text16       002A84
___awtoft@c                 cstackCOMRAM 000016
___awtoft@sign              cstackCOMRAM 000019
___ftadd                    text13       0017E4
___ftadd@exp1               cstackCOMRAM 000034
___ftadd@exp2               cstackCOMRAM 000033
___ftadd@f1                 cstackCOMRAM 000029
___ftadd@f2                 cstackCOMRAM 00002C
___ftadd@sign               cstackCOMRAM 000032
___ftdiv                    text15       001D0E
___ftdiv@cntr               cstackCOMRAM 00001F
___ftdiv@exp                cstackCOMRAM 000023
___ftdiv@f1                 cstackCOMRAM 000016
___ftdiv@f2                 cstackCOMRAM 000019
___ftdiv@f3                 cstackCOMRAM 000020
___ftdiv@sign               cstackCOMRAM 000024
___ftge                     text8        0025A2
___ftge@ff1                 cstackCOMRAM 00000E
___ftge@ff2                 cstackCOMRAM 000011
___ftmul                    text11       001C1A
___ftmul@cntr               cstackCOMRAM 000027
___ftmul@exp                cstackCOMRAM 000023
___ftmul@f1                 cstackCOMRAM 00001A
___ftmul@f2                 cstackCOMRAM 00001D
___ftmul@f3_as_product      cstackCOMRAM 000024
___ftmul@sign               cstackCOMRAM 000028
___ftneg                    text14       002AE2
___ftneg@f1                 cstackCOMRAM 00000E
___ftpack                   text20       002138
___ftpack@arg               cstackCOMRAM 00000E
___ftpack@exp               cstackCOMRAM 000011
___ftpack@sign              cstackCOMRAM 000012
___ftsub                    text12       002A44
___ftsub@f1                 cstackCOMRAM 000035
___ftsub@f2                 cstackCOMRAM 000038
___fttol                    text7        001ECE
___fttol@exp1               cstackCOMRAM 000027
___fttol@f1                 cstackCOMRAM 000019
___fttol@lval               cstackCOMRAM 000023
___fttol@sign1              cstackCOMRAM 000022
___heap_hi                  (abs)        000000
___heap_lo                  (abs)        000000
___inthi_sp                 stack        000000
___intlo_sp                 stack        000000
___lldiv                    text32       00242E
___lldiv@counter            cstackCOMRAM 000023
___lldiv@dividend           cstackCOMRAM 000017
___lldiv@divisor            cstackCOMRAM 00001B
___lldiv@quotient           cstackCOMRAM 00001F
___llmod                    text31       002616
___llmod@counter            cstackCOMRAM 000016
___llmod@dividend           cstackCOMRAM 00000E
___llmod@divisor            cstackCOMRAM 000012
___lltoft                   text17       00267C
___lltoft@c                 cstackCOMRAM 000016
___lltoft@exp               cstackCOMRAM 00001E
___lmul                     text28       002786
___lmul@multiplicand        cstackCOMRAM 000012
___lmul@multiplier          cstackCOMRAM 00000E
___lmul@product             cstackCOMRAM 000016
___lwdiv                    text27       002888
___lwdiv@counter            cstackCOMRAM 00001A
___lwdiv@dividend           cstackCOMRAM 000014
___lwdiv@divisor            cstackCOMRAM 000016
___lwdiv@quotient           cstackCOMRAM 000018
___lwmod                    text26       002A02
___lwmod@counter            cstackCOMRAM 000012
___lwmod@dividend           cstackCOMRAM 00000E
___lwmod@divisor            cstackCOMRAM 000010
___lwtoft                   text19       002B06
___lwtoft@c                 cstackCOMRAM 000016
___param_bank               (abs)        000000
___rparam_used              (abs)        000001
___sp                       stack        000000
___wmul                     text25       002ABC
___wmul@multiplicand        cstackCOMRAM 000010
___wmul@multiplier          cstackCOMRAM 00000E
___wmul@product             cstackCOMRAM 000012
__accesstop                 (abs)        000060
__activetblptr              (abs)        000002
__end_of_BorraLCD           text23       002BAE
__end_of_ColorRGB           text39       00252A
__end_of_ConfiguraLCD       text38       002B42
__end_of_DireccionaLCD      text34       002B6E
__end_of_EnviaDato          text35       0029BC
__end_of_EscribeLCD_c       text33       002B58
__end_of_EscribeLCD_n16     text30       0013BE
__end_of_HabilitaLCD        text37       002BD0
__end_of_ISR                intcode_body 0023AC
__end_of_Imprimir_Resultado text24       0015FA
__end_of_InicializaLCD      text22       002320
__end_of_LeerTeclado        text21       00206E
__end_of_MensajeLCD_Var     text29       002928
__end_of_RetardoLCD         text36       002832
__end_of___altoft           text9        0025A2
__end_of___awtoft           text16       002ABC
__end_of___ftadd            text13       00198C
__end_of___ftdiv            text15       001DF4
__end_of___ftge             text8        002616
__end_of___ftmul            text11       001D0E
__end_of___ftneg            text14       002B06
__end_of___ftpack           text20       0021E6
__end_of___ftsub            text12       002A84
__end_of___fttol            text7        001FA0
__end_of___lldiv            text32       0024B0
__end_of___llmod            text31       00267C
__end_of___lltoft           text17       0026D8
__end_of___lmul             text28       0027DC
__end_of___lwdiv            text27       0028DA
__end_of___lwmod            text26       002A44
__end_of___lwtoft           text19       002B2A
__end_of___wmul             text25       002AE2
__end_of__initialization    cinit        002778
__end_of_eval_poly          text10       002284
__end_of_exp                text3        0017E4
__end_of_factorial_function text18       002730
__end_of_floor              text5        001ECE
__end_of_frexp              text6        00242E
__end_of_ldexp              text4        002138
__end_of_log                text2        001C1A
__end_of_main               text0        000F42
__end_of_pow                text1        001B08
__end_ofexp@coeff           smallconst   00081F
__end_ofi2_BorraLCD         text44       002BC2
__end_ofi2_DireccionaLCD    text43       002B9A
__end_ofi2_EnviaDato        text45       002A02
__end_ofi2_EscribeLCD_c     text42       002B84
__end_ofi2_HabilitaLCD      text47       002BDE
__end_ofi2_MensajeLCD_Var   text41       002976
__end_ofi2_RetardoLCD       text46       002888
__end_oflog@coeff           smallconst   00083A
__initialization            cinit        002730
__mediumconst               mediumconst  000000
__pbssBANK0                 bssBANK0     000083
__pbssCOMRAM                bssCOMRAM    000044
__pcinit                    cinit        002730
__pcstackBANK0              cstackBANK0  000060
__pcstackCOMRAM             cstackCOMRAM 000001
__pdataBANK0                dataBANK0    00009E
__pdataCOMRAM               dataCOMRAM   000050
__pidataBANK0               idataBANK0   002BDE
__pidataCOMRAM              idataCOMRAM  002BE1
__pintcode                  intcode      000008
__pintcode_body             intcode_body 002320
__psmallconst               smallconst   000800
__ptext0                    text0        0008B4
__ptext1                    text1        00198C
__ptext10                   text10       0021E6
__ptext11                   text11       001C1A
__ptext12                   text12       002A44
__ptext13                   text13       0017E4
__ptext14                   text14       002AE2
__ptext15                   text15       001D0E
__ptext16                   text16       002A84
__ptext17                   text17       00267C
__ptext18                   text18       0026D8
__ptext19                   text19       002B06
__ptext2                    text2        001B08
__ptext20                   text20       002138
__ptext21                   text21       001FA0
__ptext22                   text22       002284
__ptext23                   text23       002B9A
__ptext24                   text24       0013BE
__ptext25                   text25       002ABC
__ptext26                   text26       002A02
__ptext27                   text27       002888
__ptext28                   text28       002786
__ptext29                   text29       0028DA
__ptext3                    text3        0015FA
__ptext30                   text30       000F42
__ptext31                   text31       002616
__ptext32                   text32       00242E
__ptext33                   text33       002B42
__ptext34                   text34       002B58
__ptext35                   text35       002976
__ptext36                   text36       0027DC
__ptext37                   text37       002BC2
__ptext38                   text38       002B2A
__ptext39                   text39       0024B0
__ptext4                    text4        00206E
__ptext41                   text41       002928
__ptext42                   text42       002B6E
__ptext43                   text43       002B84
__ptext44                   text44       002BAE
__ptext45                   text45       0029BC
__ptext46                   text46       002832
__ptext47                   text47       002BD0
__ptext5                    text5        001DF4
__ptext6                    text6        0023AC
__ptext7                    text7        001ECE
__ptext8                    text8        0025A2
__ptext9                    text9        00252A
__ramtop                    ramtop       000800
__smallconst                smallconst   000800
_a                          bssBANK0     000091
_b                          bssCOMRAM    000044
_color                      bssCOMRAM    00004A
_contador                   bssCOMRAM    000048
_contador_digitos           bssBANK0     000093
_errno                      bssBANK0     00008F
_eval_poly                  text10       0021E6
_exp                        text3        0015FA
_exp$899                    cstackBANK0  000065
_factorial                  bssBANK0     00009B
_factorial_function         text18       0026D8
_floor                      text5        001DF4
_frexp                      text6        0023AC
_i                          bssBANK0     000095
_interfaz                   dataCOMRAM   000050
_ldexp                      text4        00206E
_log                        text2        001B08
_m                          bssCOMRAM    00004C
_main                       text0        0008B4
_main$158                   cstackBANK0  000081
_main$159                   cstackBANK0  000082
_main$896                   cstackBANK0  00007E
_n1                         bssBANK0     000099
_n1c                        dataBANK0    00009F
_n2                         bssBANK0     000097
_n2c                        dataBANK0    00009E
_op                         dataBANK0    0000A0
_partdecl                   bssBANK0     00008B
_potencia                   bssBANK0     00009C
_pow                        text1        00198C
_pow$897                    cstackBANK0  000071
_pow$898                    cstackBANK0  000074
_r                          bssBANK0     000087
_res                        bssBANK0     000083
_verificador                bssCOMRAM    000046
btemp                       temp         000051
end_of_initialization       cinit        002778
eval_poly@d                 cstackCOMRAM 000038
eval_poly@n                 cstackCOMRAM 000039
eval_poly@res               cstackCOMRAM 00003C
eval_poly@x                 cstackCOMRAM 000035
exp@coeff                   smallconst   000801
exp@exponent                cstackBANK0  000068
exp@sign                    cstackBANK0  00006A
exp@x                       cstackBANK0  000062
factorial_function@a        cstackCOMRAM 000014
factorial_function@fact     cstackCOMRAM 000018
floor@expon                 cstackCOMRAM 00003B
floor@i                     cstackCOMRAM 000038
floor@x                     cstackCOMRAM 000035
frexp@eptr                  cstackCOMRAM 000011
frexp@value                 cstackCOMRAM 00000E
i2DireccionaLCD@a           cstackCOMRAM 000005
i2EnviaDato@a               cstackCOMRAM 000004
i2EscribeLCD_c@a            cstackCOMRAM 000005
i2MensajeLCD_Var@a          cstackCOMRAM 000006
i2MensajeLCD_Var@i          cstackCOMRAM 000008
i2RetardoLCD@a              cstackCOMRAM 000002
i2_BorraLCD                 text44       002BAE
i2_DireccionaLCD            text43       002B84
i2_EnviaDato                text45       0029BC
i2_EscribeLCD_c             text42       002B6E
i2_HabilitaLCD              text47       002BD0
i2_MensajeLCD_Var           text41       002928
i2_RetardoLCD               text46       002832
int$flags                   temp         000051
int_func                    intcode_body 002320
intlevel0                   text         000000
intlevel1                   text         000000
intlevel2                   text         000000
intlevel3                   text         000000
isa$std                     (abs)        000001
isa$xinst                   (abs)        000000
ldexp@newexp                cstackCOMRAM 000042
ldexp@value                 cstackCOMRAM 00003F
log@coeff                   smallconst   00081F
log@exponent                cstackCOMRAM 000042
log@x                       cstackCOMRAM 00003F
pow@sign                    cstackBANK0  000077
pow@x                       cstackBANK0  00006B
pow@y                       cstackBANK0  00006E
pow@yi                      cstackBANK0  000078
stackhi                     (abs)        000000
stacklo                     (abs)        000000
start                       init         00000E
start_initialization        cinit        002730
ttemp5                      temp         000052
ttemp6                      temp         000055
ttemp7                      temp         000059
wtemp8                      temp         000052


MODULE INFORMATION

Module		Function		Class		Link	Load	Size
C:\Program Files\Microchip\xc8\v2.40\pic\sources\c90\common\awtoft.c
		___awtoft      		CODE           	2A84	0000	56

C:\Program Files\Microchip\xc8\v2.40\pic\sources\c90\common\awtoft.c estimated size: 56

C:\Program Files\Microchip\xc8\v2.40\pic\sources\c90\common\altoft.c
		___altoft      		CODE           	252A	0000	120

C:\Program Files\Microchip\xc8\v2.40\pic\sources\c90\common\altoft.c estimated size: 120

C:\Program Files\Microchip\xc8\v2.40\pic\sources\c90\common\ftge.c
		___ftge        		CODE           	25A2	0000	116

C:\Program Files\Microchip\xc8\v2.40\pic\sources\c90\common\ftge.c estimated size: 116

C:\Program Files\Microchip\xc8\v2.40\pic\sources\c90\common\fttol.c
		___fttol       		CODE           	1ECE	0000	210

C:\Program Files\Microchip\xc8\v2.40\pic\sources\c90\common\fttol.c estimated size: 210

LibLCDXC8.h
		_DireccionaLCD 		CODE           	2B58	0000	22
		_InicializaLCD 		CODE           	2284	0000	156
		_EnviaDato     		CODE           	2976	0000	70
		_MensajeLCD_Var		CODE           	28DA	0000	78
		_EscribeLCD_c  		CODE           	2B42	0000	22
		_HabilitaLCD   		CODE           	2BC2	0000	14
		_ConfiguraLCD  		CODE           	2B2A	0000	24
		_EscribeLCD_n16		CODE           	0F42	0000	1148
		_BorraLCD      		CODE           	2B9A	0000	20
		_RetardoLCD    		CODE           	27DC	0000	86

LibLCDXC8.h estimated size: 1640

C:\Program Files\Microchip\xc8\v2.40\pic\sources\c90\common\ftadd.c
		___ftadd       		CODE           	17E4	0000	424

C:\Program Files\Microchip\xc8\v2.40\pic\sources\c90\common\ftadd.c estimated size: 424

C:\Program Files\Microchip\xc8\v2.40\pic\sources\c90\common\exp.c
		_exp           		CODE           	15FA	0000	490

C:\Program Files\Microchip\xc8\v2.40\pic\sources\c90\common\exp.c estimated size: 490

C:\Program Files\Microchip\xc8\v2.40\pic\sources\c90\common\lwtoft.c
		___lwtoft      		CODE           	2B06	0000	36

C:\Program Files\Microchip\xc8\v2.40\pic\sources\c90\common\lwtoft.c estimated size: 36

C:\Program Files\Microchip\xc8\v2.40\pic\sources\c90\common\lltoft.c
		___lltoft      		CODE           	267C	0000	92

C:\Program Files\Microchip\xc8\v2.40\pic\sources\c90\common\lltoft.c estimated size: 92

C:\Program Files\Microchip\xc8\v2.40\pic\sources\c90\common\__lldiv.c
		___lldiv       		CODE           	242E	0000	130

C:\Program Files\Microchip\xc8\v2.40\pic\sources\c90\common\__lldiv.c estimated size: 130

C:\Program Files\Microchip\xc8\v2.40\pic\sources\c90\common\evalpoly.c
		_eval_poly     		CODE           	21E6	0000	158

C:\Program Files\Microchip\xc8\v2.40\pic\sources\c90\common\evalpoly.c estimated size: 158

C:\Program Files\Microchip\xc8\v2.40\pic\sources\c90\common\ftneg.c
		___ftneg       		CODE           	2AE2	0000	36

C:\Program Files\Microchip\xc8\v2.40\pic\sources\c90\common\ftneg.c estimated size: 36

C:\Program Files\Microchip\xc8\v2.40\pic\sources\c90\common\ftsub.c
		___ftsub       		CODE           	2A44	0000	64

C:\Program Files\Microchip\xc8\v2.40\pic\sources\c90\common\ftsub.c estimated size: 64

C:\Program Files\Microchip\xc8\v2.40\pic\sources\c90\common\float.c
		___ftpack      		CODE           	2138	0000	174

C:\Program Files\Microchip\xc8\v2.40\pic\sources\c90\common\float.c estimated size: 174

C:\Program Files\Microchip\xc8\v2.40\pic\sources\c90\common\log.c
		_log           		CODE           	1B08	0000	274

C:\Program Files\Microchip\xc8\v2.40\pic\sources\c90\common\log.c estimated size: 274

C:\Program Files\Microchip\xc8\v2.40\pic\sources\c90\common\Umul16.c
		___wmul        		CODE           	2ABC	0000	38

C:\Program Files\Microchip\xc8\v2.40\pic\sources\c90\common\Umul16.c estimated size: 38

C:\Program Files\Microchip\xc8\v2.40\pic\sources\c90\common\lwmod.c
		___lwmod       		CODE           	2A02	0000	66

C:\Program Files\Microchip\xc8\v2.40\pic\sources\c90\common\lwmod.c estimated size: 66

shared
		i2_MensajeLCD_Var		CODE           	2928	0000	78
		exp@coeff      		SMALLCONST     	0801	0000	30
		i2_EscribeLCD_c		CODE           	2B6E	0000	22
		i2_EnviaDato   		CODE           	29BC	0000	70
		__initialization		CODE           	2730	0000	72
		i2_DireccionaLCD		CODE           	2B84	0000	22
		i2_HabilitaLCD 		CODE           	2BD0	0000	14
		i2_BorraLCD    		CODE           	2BAE	0000	20
		i2_RetardoLCD  		CODE           	2832	0000	86
		log@coeff      		SMALLCONST     	081F	0000	27

shared estimated size: 441

C:\Program Files\Microchip\xc8\v2.40\pic\sources\c90\common\llmod.c
		___llmod       		CODE           	2616	0000	102

C:\Program Files\Microchip\xc8\v2.40\pic\sources\c90\common\llmod.c estimated size: 102

C:\Program Files\Microchip\xc8\v2.40\pic\sources\c90\common\pow.c
		_pow           		CODE           	198C	0000	380

C:\Program Files\Microchip\xc8\v2.40\pic\sources\c90\common\pow.c estimated size: 380

C:\Program Files\Microchip\xc8\v2.40\pic\sources\c90\common\frexp.c
		_ldexp         		CODE           	206E	0000	202
		_frexp         		CODE           	23AC	0000	130

C:\Program Files\Microchip\xc8\v2.40\pic\sources\c90\common\frexp.c estimated size: 332

C:\Program Files\Microchip\xc8\v2.40\pic\sources\c90\common\floor.c
		_floor         		CODE           	1DF4	0000	218

C:\Program Files\Microchip\xc8\v2.40\pic\sources\c90\common\floor.c estimated size: 218

Lab4.c
		_ColorRGB      		CODE           	24B0	0000	122
		_ISR           		CODE           	0008	0000	146
		_Imprimir_Resultado		CODE           	13BE	0000	572
		_main          		CODE           	08B4	0000	1678
		_LeerTeclado   		CODE           	1FA0	0000	206
		_factorial_function		CODE           	26D8	0000	88

Lab4.c estimated size: 2812

C:\Program Files\Microchip\xc8\v2.40\pic\sources\c90\common\ftmul.c
		___ftmul       		CODE           	1C1A	0000	244

C:\Program Files\Microchip\xc8\v2.40\pic\sources\c90\common\ftmul.c estimated size: 244

C:\Program Files\Microchip\xc8\v2.40\pic\sources\c90\common\Umul32.c
		___lmul        		CODE           	2786	0000	86

C:\Program Files\Microchip\xc8\v2.40\pic\sources\c90\common\Umul32.c estimated size: 86

C:\Program Files\Microchip\xc8\v2.40\pic\sources\c90\common\ftdiv.c
		___ftdiv       		CODE           	1D0E	0000	230

C:\Program Files\Microchip\xc8\v2.40\pic\sources\c90\common\ftdiv.c estimated size: 230

C:\Program Files\Microchip\xc8\v2.40\pic\sources\c90\common\lwdiv.c
		___lwdiv       		CODE           	2888	0000	82

C:\Program Files\Microchip\xc8\v2.40\pic\sources\c90\common\lwdiv.c estimated size: 82

