Microchip MPLAB XC8 Compiler V2.40

Linker command line:

-W-3 \
  --edf=C:\Program Files\Microchip\xc8\v2.40\pic\dat\20220703182018_en.msgs \
  -cn -h+dist/default/production\Lab4.X.production.sym \
  --cmf=dist/default/production\Lab4.X.production.cmf -z -Q18F4550 \
  -oC:\Users\acer\AppData\Local\Temp\xcAs2k0.4 \
  -Mdist/default/production/Lab4.X.production.map \
  --md=C:\Users\acer\AppData\Local\Temp\xcAs2k0.dat -E1 -ver=XC8 Compiler \
  -ACODE=00h-07FFFh -ACONST=00h-07FFFh -ASMALLCONST=0800h-08FFhx120 \
  -AMEDIUMCONST=0800h-07FFFh -ACOMRAM=01h-05Fh -AABS1=00h-07FFh \
  -ABIGRAM=01h-07FFh -ARAM=060h-0FFh,0100h-01FFhx7 -ABANK0=060h-0FFh \
  -ABANK1=0100h-01FFh -ABANK2=0200h-02FFh -ABANK3=0300h-03FFh \
  -ABANK4=0400h-04FFh -ABANK5=0500h-05FFh -ABANK6=0600h-06FFh \
  -ABANK7=0700h-07FFh -ASFR=0F60h-0FFFh -ABIGSFR=0F60h-0FFFh \
  -ACONFIG=0300000h-030000Dh -AIDLOC=0200000h-0200007h \
  -AEEDATA=0F00000h-0F000FFh -peeprom_data=EEDATA \
  -preset_vec=00h,intcode=08h,intcodelo,powerup,init -pramtop=0800h \
  -psmallconst=SMALLCONST -pmediumconst=MEDIUMCONST -pconst=CONST \
  -AFARRAM=00h-00h \
  -prdata=COMRAM,nvrram=COMRAM,nvbit=COMRAM,rbss=COMRAM,rbit=COMRAM \
  -pfarbss=FARRAM,fardata=FARRAM,nvFARRAM=FARRAM \
  -pintsave_regs=BIGRAM,bigbss=BIGRAM,bigdata=BIGRAM -pbss=RAM \
  -pidata=CODE,irdata=CODE,ibigdata=CODE,ifardata=CODE -prparam=COMRAM \
  C:\Users\acer\AppData\Local\Temp\xcAs2k0.obj \
  dist/default/production\Lab4.X.production.obj 

Object code version is 3.11

Machine type is 18F4550



                Name                               Link     Load   Length Selector   Space Scale
C:\Users\acer\AppData\Local\Temp\xcAs2k0.obj
                idloc                            200000   200000        8        0       5
                config                           300000   300000        E        0       4
                init                                  E        E        4        4       0
                reset_vec                             0        0        4        0       0
dist/default/production\Lab4.X.production.obj
                intcode                               8        8        6        4       0
                idloc                            200000   200000        8        0       5
                config                           300000   300000        E        0       4
                temp                                 51       51        1        1       1
                smallconst                          800      800       7C      400       0
                text29                             1AA2     1AA2        E      43E       0
                text28                             1732     1732       56      43E       0
                text27                             18C4     18C4       46      43E       0
                text26                             1A80     1A80       14      43E       0
                text25                             1A56     1A56       16      43E       0
                text24                             1A40     1A40       16      43E       0
                text23                             19AE     19AE       28      43E       0
                text22                             182C     182C       52      43E       0
                intcode_body                       1502     1502       92      43E       0
                text20                             1594     1594       7A      43E       0
                text19                             19FC     19FC       18      43E       0
                text18                             1A94     1A94        E      43E       0
                text17                             16DC     16DC       56      43E       0
                text16                             187E     187E       46      43E       0
                text15                             1A2A     1A2A       16      43E       0
                text14                             1A14     1A14       16      43E       0
                text13                             1986     1986       28      43E       0
                text12                             17DA     17DA       52      43E       0
                text11                             1224     1224       CC      43E       0
                text10                             13BA     13BA       AC      43E       0
                text9                              1686     1686       56      43E       0
                text8                              1788     1788       52      43E       0
                text7                              190A     190A       42      43E       0
                text6                              19D6     19D6       26      43E       0
                text5                               ED2      ED2      352      43E       0
                text4                              1A6C     1A6C       14      43E       0
                text3                              1466     1466       9C      43E       0
                text2                              12F0     12F0       CA      43E       0
                text1                              160E     160E       78      43E       0
                text0                               87C      87C      656      43E       0
                cstackCOMRAM                          1        1       27        1       1
                cstackBANK0                          60       60        B       60       1
                dataCOMRAM                           4D       4D        4        1       1
                bssCOMRAM                            28       28       25        1       1
                cinit                              194C     194C       3A      43E       0
                idataCOMRAM                        1AB0     1AB0        4      43E       0

TOTAL           Name                               Link     Load   Length     Space
        CLASS   CODE           
                intcode                               8        8        6         0
                init                                  E        E        4         0
                reset_vec                             0        0        4         0
                text29                             1AA2     1AA2        E         0
                text28                             1732     1732       56         0
                text27                             18C4     18C4       46         0
                text26                             1A80     1A80       14         0
                text25                             1A56     1A56       16         0
                text24                             1A40     1A40       16         0
                text23                             19AE     19AE       28         0
                text22                             182C     182C       52         0
                intcode_body                       1502     1502       92         0
                text20                             1594     1594       7A         0
                text19                             19FC     19FC       18         0
                text18                             1A94     1A94        E         0
                text17                             16DC     16DC       56         0
                text16                             187E     187E       46         0
                text15                             1A2A     1A2A       16         0
                text14                             1A14     1A14       16         0
                text13                             1986     1986       28         0
                text12                             17DA     17DA       52         0
                text11                             1224     1224       CC         0
                text10                             13BA     13BA       AC         0
                text9                              1686     1686       56         0
                text8                              1788     1788       52         0
                text7                              190A     190A       42         0
                text6                              19D6     19D6       26         0
                text5                               ED2      ED2      352         0
                text4                              1A6C     1A6C       14         0
                text3                              1466     1466       9C         0
                text2                              12F0     12F0       CA         0
                text1                              160E     160E       78         0
                text0                               87C      87C      656         0
                cinit                              194C     194C       3A         0
                idataCOMRAM                        1AB0     1AB0        4         0

        CLASS   CONST          

        CLASS   SMALLCONST     
                smallconst                          800      800       7C         0

        CLASS   MEDIUMCONST    

        CLASS   COMRAM         
                temp                                 51       51        1         1
                cstackCOMRAM                          1        1       27         1
                dataCOMRAM                           4D       4D        4         1
                bssCOMRAM                            28       28       25         1

        CLASS   ABS1           

        CLASS   BIGRAM         

        CLASS   RAM            

        CLASS   BANK0          
                cstackBANK0                          60       60        B         1

        CLASS   BANK1          

        CLASS   BANK2          

        CLASS   BANK3          

        CLASS   BANK4          

        CLASS   BANK5          

        CLASS   BANK6          

        CLASS   BANK7          

        CLASS   SFR            

        CLASS   BIGSFR         

        CLASS   CONFIG         
                config                           300000   300000        E         4

        CLASS   IDLOC          
                idloc                            200000   200000        8         5

        CLASS   EEDATA         

        CLASS   FARRAM         

        CLASS   HEAP           

        CLASS   STACK          



SEGMENTS        Name                           Load    Length   Top    Selector   Space  Class

                reset_vec                      000000  000004  000004         0       0  CODE    
                cstackCOMRAM                   000001  000051  000052         1       1  COMRAM  
                intcode                        000008  00000A  000012         4       0  CODE    
                cstackBANK0                    000060  00000B  00006B        60       1  BANK0   
                smallconst                     000800  00007C  00087C       400       0  SMALLCON
                text0                          00087C  001238  001AB4       43E       0  CODE    


UNUSED ADDRESS RANGES

        Name                Unused          Largest block    Delta
        BANK0            00006B-0000FF               95
        BANK1            000100-0001FF              100
        BANK2            000200-0002FF              100
        BANK3            000300-0003FF              100
        BANK4            000400-0004FF              100
        BANK5            000500-0005FF              100
        BANK6            000600-0006FF              100
        BANK7            000700-0007FF              100
        BIGRAM           000052-00005F                E
                         00006B-0007FF              795
        BIGSFR           000F60-000FFF               A0
        CODE             000004-000007                4
                         000012-0007FF              7EE
                         001AB4-007FFF             654C
        COMRAM           000052-00005F                E
        CONST            000004-000007                4
                         000012-0007FF              7EE
                         001AB4-007FFF             654C
        EEDATA           F00000-F000FF              100
        MEDIUMCONST      001AB4-007FFF             654C
        RAM              00006B-0007FF              100
        SFR              000F60-000FFF               A0
        SMALLCONST       001AB4-007FFF              100

                                  Symbol Table

?___aldiv                   cstackCOMRAM 00000E
?___almod                   cstackCOMRAM 00000E
?___lmul                    cstackCOMRAM 00000E
?___lwdiv                   cstackCOMRAM 000014
?___lwmod                   cstackCOMRAM 00000E
?___wmul                    cstackCOMRAM 00000E
?_factorial_function        cstackCOMRAM 00001A
?_strlen                    cstackCOMRAM 00000E
?i2_strlen                  cstackCOMRAM 000001
ConfiguraLCD@a              cstackCOMRAM 00000E
DireccionaLCD@a             cstackCOMRAM 000012
EnviaDato@a                 cstackCOMRAM 000011
EscribeLCD_c@a              cstackCOMRAM 000012
Imprimir_Resultado@flag     cstackBANK0  000060
Imprimir_Resultado@i        cstackBANK0  000063
Imprimir_Resultado@j        cstackBANK0  000065
Imprimir_Resultado@k        cstackBANK0  000061
Imprimir_Resultado@potencia cstackBANK0  000067
Imprimir_Resultado@r        cstackCOMRAM 00001C
MensajeLCD_Var@a            cstackCOMRAM 000013
MensajeLCD_Var@i            cstackCOMRAM 000015
RetardoLCD@a                cstackCOMRAM 00000F
_ADCON1                     (abs)        000FC1
_BorraLCD                   text4        001A6C
_ColorRGB                   text20       001594
_ConfiguraLCD               text19       0019FC
_DireccionaLCD              text15       001A2A
_EnviaDato                  text16       00187E
_EscribeLCD_c               text14       001A14
_GIE                        (abs)        007F97
_HabilitaLCD                text18       001A94
_ISR                        intcode      000008
_Imprimir_Resultado         text5        000ED2
_InicializaLCD              text3        001466
_LATB                       (abs)        000F8A
_LATC                       (abs)        000F8B
_LATC7                      (abs)        007C5F
_LATD                       (abs)        000F8C
_LATE0                      (abs)        007C68
_LATE1                      (abs)        007C69
_LATE2                      (abs)        007C6A
_LeerTeclado                text2        0012F0
_MensajeLCD_Var             text12       0017DA
_OSCCON                     (abs)        000FD3
_PD                         (abs)        007E82
_POR                        (abs)        007E81
_RB4                        (abs)        007C0C
_RB5                        (abs)        007C0D
_RB6                        (abs)        007C0E
_RB7                        (abs)        007C0F
_RBPU                       (abs)        007F8F
_RetardoLCD                 text17       0016DC
_T0CON                      (abs)        000FD5
_TMR0                       (abs)        000FD6
_TMR0IE                     (abs)        007F95
_TMR0IF                     (abs)        007F92
_TMR0ON                     (abs)        007EAF
_TO                         (abs)        007E83
_TRISB                      (abs)        000F93
_TRISC                      (abs)        000F94
_TRISD                      (abs)        000F95
_TRISE                      (abs)        000F96
_Tecla                      bssCOMRAM    000048
__HRAM                      (abs)        000000
__Habs1                     abs1         000000
__Hbank0                    bank0        000000
__Hbank1                    bank1        000000
__Hbank2                    bank2        000000
__Hbank3                    bank3        000000
__Hbank4                    bank4        000000
__Hbank5                    bank5        000000
__Hbank6                    bank6        000000
__Hbank7                    bank7        000000
__Hbigbss                   bigbss       000000
__Hbigdata                  bigdata      000000
__Hbigram                   bigram       000000
__Hbigsfr                   bigsfr       000000
__Hbss                      bss          000000
__HbssCOMRAM                bssCOMRAM    000000
__Hcinit                    cinit        000000
__Hclrtext                  clrtext      000000
__Hcomram                   comram       000000
__Hconfig                   config       30000E
__Hconst                    const        000000
__HcstackBANK0              cstackBANK0  000000
__HcstackCOMRAM             cstackCOMRAM 000000
__Hdata                     data         000000
__HdataCOMRAM               dataCOMRAM   000000
__Heeprom_data              eeprom_data  000000
__Hfarbss                   farbss       000000
__Hfardata                  fardata      000000
__Hheap                     heap         000000
__Hibigdata                 ibigdata     000000
__Hidata                    idata        000000
__HidataCOMRAM              idataCOMRAM  000000
__Hidloc                    idloc        200008
__Hifardata                 ifardata     000000
__Hinit                     init         000012
__Hintcode                  intcode      00000E
__Hintcode_body             intcode_body 000000
__Hintcodelo                intcodelo    00000E
__Hintentry                 intentry     000000
__Hintret                   intret       000000
__Hintsave_regs             intsave_regs 000000
__Hirdata                   irdata       000000
__Hmediumconst              mediumconst  000000
__HnvFARRAM                 nvFARRAM     000000
__Hnvbit                    nvbit        000000
__Hnvrram                   nvrram       000000
__Hparam                    rparam       000000
__Hpowerup                  powerup      00000E
__Hram                      ram          000000
__Hramtop                   ramtop       000800
__Hrbit                     rbit         000000
__Hrbss                     rbss         000000
__Hrdata                    rdata        000000
__Hreset_vec                reset_vec    000004
__Hrparam                   rparam       000000
__Hsfr                      sfr          000000
__Hsmallconst               smallconst   00087C
__Hspace_0                  (abs)        001AB4
__Hspace_1                  (abs)        00006B
__Hspace_2                  (abs)        000000
__Hspace_4                  (abs)        60000E
__Hstack                    stack        000000
__Hstruct                   struct       000000
__Htemp                     temp         000052
__Htext                     text         000000
__Htext0                    text0        000000
__Htext1                    text1        000000
__Htext10                   text10       000000
__Htext11                   text11       000000
__Htext12                   text12       000000
__Htext13                   text13       000000
__Htext14                   text14       000000
__Htext15                   text15       000000
__Htext16                   text16       000000
__Htext17                   text17       000000
__Htext18                   text18       000000
__Htext19                   text19       000000
__Htext2                    text2        000000
__Htext20                   text20       000000
__Htext22                   text22       000000
__Htext23                   text23       000000
__Htext24                   text24       000000
__Htext25                   text25       000000
__Htext26                   text26       000000
__Htext27                   text27       000000
__Htext28                   text28       000000
__Htext29                   text29       000000
__Htext3                    text3        000000
__Htext4                    text4        000000
__Htext5                    text5        000000
__Htext6                    text6        000000
__Htext7                    text7        000000
__Htext8                    text8        000000
__Htext9                    text9        000000
__LRAM                      (abs)        000001
__Labs1                     abs1         000000
__Lbank0                    bank0        000000
__Lbank1                    bank1        000000
__Lbank2                    bank2        000000
__Lbank3                    bank3        000000
__Lbank4                    bank4        000000
__Lbank5                    bank5        000000
__Lbank6                    bank6        000000
__Lbank7                    bank7        000000
__Lbigbss                   bigbss       000000
__Lbigdata                  bigdata      000000
__Lbigram                   bigram       000000
__Lbigsfr                   bigsfr       000000
__Lbss                      bss          000000
__LbssCOMRAM                bssCOMRAM    000000
__Lcinit                    cinit        000000
__Lclrtext                  clrtext      000000
__Lcomram                   comram       000000
__Lconfig                   config       000000
__Lconst                    const        000000
__LcstackBANK0              cstackBANK0  000000
__LcstackCOMRAM             cstackCOMRAM 000000
__Ldata                     data         000000
__LdataCOMRAM               dataCOMRAM   000000
__Leeprom_data              eeprom_data  000000
__Lfarbss                   farbss       000000
__Lfardata                  fardata      000000
__Lheap                     heap         000000
__Libigdata                 ibigdata     000000
__Lidata                    idata        000000
__LidataCOMRAM              idataCOMRAM  000000
__Lidloc                    idloc        000000
__Lifardata                 ifardata     000000
__Linit                     init         00000E
__Lintcode                  intcode      000008
__Lintcode_body             intcode_body 000000
__Lintcodelo                intcodelo    00000E
__Lintentry                 intentry     000000
__Lintret                   intret       000000
__Lintsave_regs             intsave_regs 000000
__Lirdata                   irdata       000000
__Lmediumconst              mediumconst  000000
__LnvFARRAM                 nvFARRAM     000000
__Lnvbit                    nvbit        000000
__Lnvrram                   nvrram       000000
__Lparam                    rparam       000000
__Lpowerup                  powerup      00000E
__Lram                      ram          000000
__Lramtop                   ramtop       000800
__Lrbit                     rbit         000000
__Lrbss                     rbss         000000
__Lrdata                    rdata        000000
__Lreset_vec                reset_vec    000000
__Lrparam                   rparam       000000
__Lsfr                      sfr          000000
__Lsmallconst               smallconst   000800
__Lspace_0                  (abs)        000000
__Lspace_1                  (abs)        000000
__Lspace_2                  (abs)        000000
__Lspace_4                  (abs)        000000
__Lstack                    stack        000000
__Lstruct                   struct       000000
__Ltemp                     temp         000051
__Ltext                     text         000000
__Ltext0                    text0        000000
__Ltext1                    text1        000000
__Ltext10                   text10       000000
__Ltext11                   text11       000000
__Ltext12                   text12       000000
__Ltext13                   text13       000000
__Ltext14                   text14       000000
__Ltext15                   text15       000000
__Ltext16                   text16       000000
__Ltext17                   text17       000000
__Ltext18                   text18       000000
__Ltext19                   text19       000000
__Ltext2                    text2        000000
__Ltext20                   text20       000000
__Ltext22                   text22       000000
__Ltext23                   text23       000000
__Ltext24                   text24       000000
__Ltext25                   text25       000000
__Ltext26                   text26       000000
__Ltext27                   text27       000000
__Ltext28                   text28       000000
__Ltext29                   text29       000000
__Ltext3                    text3        000000
__Ltext4                    text4        000000
__Ltext5                    text5        000000
__Ltext6                    text6        000000
__Ltext7                    text7        000000
__Ltext8                    text8        000000
__Ltext9                    text9        000000
__S0                        (abs)        001AB4
__S1                        (abs)        00006B
__S4                        (abs)        000000
__S5                        (abs)        000000
___aldiv                    text11       001224
___aldiv@counter            cstackCOMRAM 000016
___aldiv@dividend           cstackCOMRAM 00000E
___aldiv@divisor            cstackCOMRAM 000012
___aldiv@quotient           cstackCOMRAM 000018
___aldiv@sign               cstackCOMRAM 000017
___almod                    text10       0013BA
___almod@counter            cstackCOMRAM 000016
___almod@dividend           cstackCOMRAM 00000E
___almod@divisor            cstackCOMRAM 000012
___almod@sign               cstackCOMRAM 000017
___heap_hi                  (abs)        000000
___heap_lo                  (abs)        000000
___inthi_sp                 stack        000000
___intlo_sp                 stack        000000
___lmul                     text9        001686
___lmul@multiplicand        cstackCOMRAM 000012
___lmul@multiplier          cstackCOMRAM 00000E
___lmul@product             cstackCOMRAM 000016
___lwdiv                    text8        001788
___lwdiv@counter            cstackCOMRAM 000018
___lwdiv@dividend           cstackCOMRAM 000014
___lwdiv@divisor            cstackCOMRAM 000016
___lwdiv@quotient           cstackCOMRAM 000019
___lwmod                    text7        00190A
___lwmod@counter            cstackCOMRAM 000012
___lwmod@dividend           cstackCOMRAM 00000E
___lwmod@divisor            cstackCOMRAM 000010
___param_bank               (abs)        000000
___rparam_used              (abs)        000001
___sp                       stack        000000
___wmul                     text6        0019D6
___wmul@multiplicand        cstackCOMRAM 000010
___wmul@multiplier          cstackCOMRAM 00000E
___wmul@product             cstackCOMRAM 000012
__accesstop                 (abs)        000060
__activetblptr              (abs)        000002
__end_of_BorraLCD           text4        001A80
__end_of_ColorRGB           text20       00160E
__end_of_ConfiguraLCD       text19       001A14
__end_of_DireccionaLCD      text15       001A40
__end_of_EnviaDato          text16       0018C4
__end_of_EscribeLCD_c       text14       001A2A
__end_of_HabilitaLCD        text18       001AA2
__end_of_ISR                intcode_body 001594
__end_of_Imprimir_Resultado text5        001224
__end_of_InicializaLCD      text3        001502
__end_of_LeerTeclado        text2        0013BA
__end_of_MensajeLCD_Var     text12       00182C
__end_of_RetardoLCD         text17       001732
__end_of___aldiv            text11       0012F0
__end_of___almod            text10       001466
__end_of___lmul             text9        0016DC
__end_of___lwdiv            text8        0017DA
__end_of___lwmod            text7        00194C
__end_of___wmul             text6        0019FC
__end_of__initialization    cinit        001978
__end_of_factorial_function text1        001686
__end_of_main               text0        000ED2
__end_of_strlen             text13       0019AE
__end_ofi2_BorraLCD         text26       001A94
__end_ofi2_DireccionaLCD    text25       001A6C
__end_ofi2_EnviaDato        text27       00190A
__end_ofi2_EscribeLCD_c     text24       001A56
__end_ofi2_HabilitaLCD      text29       001AB0
__end_ofi2_MensajeLCD_Var   text22       00187E
__end_ofi2_RetardoLCD       text28       001788
__end_ofi2_strlen           text23       0019D6
__initialization            cinit        00194C
__mediumconst               mediumconst  000000
__pbssCOMRAM                bssCOMRAM    000028
__pcinit                    cinit        00194C
__pcstackBANK0              cstackBANK0  000060
__pcstackCOMRAM             cstackCOMRAM 000001
__pdataCOMRAM               dataCOMRAM   00004D
__pidataCOMRAM              idataCOMRAM  001AB0
__pintcode                  intcode      000008
__pintcode_body             intcode_body 001502
__psmallconst               smallconst   000800
__ptext0                    text0        00087C
__ptext1                    text1        00160E
__ptext10                   text10       0013BA
__ptext11                   text11       001224
__ptext12                   text12       0017DA
__ptext13                   text13       001986
__ptext14                   text14       001A14
__ptext15                   text15       001A2A
__ptext16                   text16       00187E
__ptext17                   text17       0016DC
__ptext18                   text18       001A94
__ptext19                   text19       0019FC
__ptext2                    text2        0012F0
__ptext20                   text20       001594
__ptext22                   text22       00182C
__ptext23                   text23       0019AE
__ptext24                   text24       001A40
__ptext25                   text25       001A56
__ptext26                   text26       001A80
__ptext27                   text27       0018C4
__ptext28                   text28       001732
__ptext29                   text29       001AA2
__ptext3                    text3        001466
__ptext4                    text4        001A6C
__ptext5                    text5        000ED2
__ptext6                    text6        0019D6
__ptext7                    text7        00190A
__ptext8                    text8        001788
__ptext9                    text9        001686
__ramtop                    ramtop       000800
__smallconst                smallconst   000800
_a                          bssCOMRAM    000036
_b                          bssCOMRAM    000034
_color                      bssCOMRAM    00003E
_contador                   bssCOMRAM    00003C
_contador_digitos           bssCOMRAM    00003A
_factorial                  bssCOMRAM    000046
_factorial_function         text1        00160E
_i                          bssCOMRAM    000040
_interfaz                   dataCOMRAM   000050
_m                          bssCOMRAM    000049
_main                       text0        00087C
_main$157                   cstackCOMRAM 000026
_main$158                   cstackCOMRAM 000027
_n1                         bssCOMRAM    000044
_n1c                        dataCOMRAM   00004E
_n2                         bssCOMRAM    000042
_n2c                        dataCOMRAM   00004D
_op                         dataCOMRAM   00004F
_partdecl                   bssCOMRAM    000030
_potencia                   bssCOMRAM    000047
_r                          bssCOMRAM    00002C
_res                        bssCOMRAM    000028
_strlen                     text13       001986
_verificador                bssCOMRAM    000038
btemp                       temp         000051
end_of_initialization       cinit        001978
factorial_function@a        cstackCOMRAM 00001A
factorial_function@fact     cstackCOMRAM 00001E
i2DireccionaLCD@a           cstackCOMRAM 000005
i2EnviaDato@a               cstackCOMRAM 000004
i2EscribeLCD_c@a            cstackCOMRAM 000005
i2MensajeLCD_Var@a          cstackCOMRAM 000006
i2MensajeLCD_Var@i          cstackCOMRAM 000008
i2RetardoLCD@a              cstackCOMRAM 000002
i2_BorraLCD                 text26       001A80
i2_DireccionaLCD            text25       001A56
i2_EnviaDato                text27       0018C4
i2_EscribeLCD_c             text24       001A40
i2_HabilitaLCD              text29       001AA2
i2_MensajeLCD_Var           text22       00182C
i2_RetardoLCD               text28       001732
i2_strlen                   text23       0019AE
i2strlen@cp                 cstackCOMRAM 000003
i2strlen@s                  cstackCOMRAM 000001
int$flags                   temp         000051
int_func                    intcode_body 001502
intlevel0                   text         000000
intlevel1                   text         000000
intlevel2                   text         000000
intlevel3                   text         000000
isa$std                     (abs)        000001
isa$xinst                   (abs)        000000
stackhi                     (abs)        000000
stacklo                     (abs)        000000
start                       init         00000E
start_initialization        cinit        00194C
strlen@cp                   cstackCOMRAM 000010
strlen@s                    cstackCOMRAM 00000E
ttemp5                      temp         000052
ttemp6                      temp         000055
ttemp7                      temp         000059
wtemp8                      temp         000052


MODULE INFORMATION

Module		Function		Class		Link	Load	Size
C:\Program Files\Microchip\xc8\v2.40\pic\sources\c90\common\strlen.c
		_strlen        		CODE           	1986	0000	40

C:\Program Files\Microchip\xc8\v2.40\pic\sources\c90\common\strlen.c estimated size: 40

LibLCDXC8.h
		_DireccionaLCD 		CODE           	1A2A	0000	22
		_InicializaLCD 		CODE           	1466	0000	156
		_EnviaDato     		CODE           	187E	0000	70
		_MensajeLCD_Var		CODE           	17DA	0000	82
		_EscribeLCD_c  		CODE           	1A14	0000	22
		_HabilitaLCD   		CODE           	1A94	0000	14
		_ConfiguraLCD  		CODE           	19FC	0000	24
		_BorraLCD      		CODE           	1A6C	0000	20
		_RetardoLCD    		CODE           	16DC	0000	86

LibLCDXC8.h estimated size: 496

C:\Program Files\Microchip\xc8\v2.40\pic\sources\c90\common\aldiv.c
		___aldiv       		CODE           	1224	0000	204

C:\Program Files\Microchip\xc8\v2.40\pic\sources\c90\common\aldiv.c estimated size: 204

C:\Program Files\Microchip\xc8\v2.40\pic\sources\c90\common\Umul16.c
		___wmul        		CODE           	19D6	0000	38

C:\Program Files\Microchip\xc8\v2.40\pic\sources\c90\common\Umul16.c estimated size: 38

C:\Program Files\Microchip\xc8\v2.40\pic\sources\c90\common\lwmod.c
		___lwmod       		CODE           	190A	0000	66

C:\Program Files\Microchip\xc8\v2.40\pic\sources\c90\common\lwmod.c estimated size: 66

shared
		i2_MensajeLCD_Var		CODE           	182C	0000	82
		i2_EscribeLCD_c		CODE           	1A40	0000	22
		i2_EnviaDato   		CODE           	18C4	0000	70
		__initialization		CODE           	194C	0000	44
		i2_DireccionaLCD		CODE           	1A56	0000	22
		i2_HabilitaLCD 		CODE           	1AA2	0000	14
		i2_BorraLCD    		CODE           	1A80	0000	20
		i2_RetardoLCD  		CODE           	1732	0000	86
		i2_strlen      		CODE           	19AE	0000	40

shared estimated size: 400

Lab4.c
		_ColorRGB      		CODE           	1594	0000	122
		_ISR           		CODE           	0008	0000	152
		_Imprimir_Resultado		CODE           	0ED2	0000	850
		_main          		CODE           	087C	0000	1622
		_LeerTeclado   		CODE           	12F0	0000	202
		_factorial_function		CODE           	160E	0000	120

Lab4.c estimated size: 3068

C:\Program Files\Microchip\xc8\v2.40\pic\sources\c90\common\Umul32.c
		___lmul        		CODE           	1686	0000	86

C:\Program Files\Microchip\xc8\v2.40\pic\sources\c90\common\Umul32.c estimated size: 86

C:\Program Files\Microchip\xc8\v2.40\pic\sources\c90\common\almod.c
		___almod       		CODE           	13BA	0000	172

C:\Program Files\Microchip\xc8\v2.40\pic\sources\c90\common\almod.c estimated size: 172

C:\Program Files\Microchip\xc8\v2.40\pic\sources\c90\common\lwdiv.c
		___lwdiv       		CODE           	1788	0000	82

C:\Program Files\Microchip\xc8\v2.40\pic\sources\c90\common\lwdiv.c estimated size: 82

